mysql> show databases;
+--------------------+
| Database           |
+--------------------+
| information_schema |
| dswork             |
| koha_library       |
| mysql              |
| performance_schema |
| sys                |
+--------------------+
6 rows in set (0.02 sec)

mysql> use dswork;
Database changed
mysql> source create_tables.sql
Query OK, 0 rows affected (0.06 sec)

Query OK, 0 rows affected (0.04 sec)

mysql> show tables;
+------------------+
| Tables_in_dswork |
+------------------+
| Dept             |
| Emp              |
+------------------+
2 rows in set (0.00 sec)

mysql> show * columns from Dept;
ERROR 1064 (42000): You have an error in your SQL syntax; check the manual that corresponds to your MySQL server version for the right syntax to use near '* columns from Dept' at line 1
mysql> select * columns from Dept;
ERROR 1064 (42000): You have an error in your SQL syntax; check the manual that corresponds to your MySQL server version for the right syntax to use near 'columns from Dept' at line 1
mysql> select * from Dept;
Empty set (0.00 sec)

mysql> show columns from Dept;
+----------+-------------+------+-----+---------+-------+
| Field    | Type        | Null | Key | Default | Extra |
+----------+-------------+------+-----+---------+-------+
| deptno   | char(3)     | NO   | PRI | NULL    |       |
| deptname | varchar(36) | NO   |     | NULL    |       |
| mgrno    | char(6)     | YES  |     | NULL    |       |
| admrdept | char(3)     | NO   |     | NULL    |       |
+----------+-------------+------+-----+---------+-------+
4 rows in set (0.00 sec)

mysql> show columns from Emp;
+-----------+--------------+------+-----+---------+-------+
| Field     | Type         | Null | Key | Default | Extra |
+-----------+--------------+------+-----+---------+-------+
| empno     | char(6)      | NO   | PRI | NULL    |       |
| firstname | varchar(12)  | NO   |     | NULL    |       |
| midinit   | char(1)      | NO   |     | NULL    |       |
| lastname  | varchar(15)  | NO   |     | NULL    |       |
| workdept  | char(3)      | YES  |     | NULL    |       |
| phoneno   | char(4)      | YES  |     | NULL    |       |
| hiredate  | date         | YES  |     | NULL    |       |
| job       | char(8)      | YES  |     | NULL    |       |
| edlevel   | int(2)       | YES  |     | NULL    |       |
| sex       | char(1)      | YES  |     | NULL    |       |
| birthdate | date         | YES  |     | NULL    |       |
| salary    | decimal(8,2) | YES  |     | NULL    |       |
| bonus     | decimal(8,2) | YES  |     | NULL    |       |
| comm      | decimal(8,2) | YES  |     | NULL    |       |
+-----------+--------------+------+-----+---------+-------+
14 rows in set (0.01 sec)

mysql> desc Emp;
+-----------+--------------+------+-----+---------+-------+
| Field     | Type         | Null | Key | Default | Extra |
+-----------+--------------+------+-----+---------+-------+
| empno     | char(6)      | NO   | PRI | NULL    |       |
| firstname | varchar(12)  | NO   |     | NULL    |       |
| midinit   | char(1)      | NO   |     | NULL    |       |
| lastname  | varchar(15)  | NO   |     | NULL    |       |
| workdept  | char(3)      | YES  |     | NULL    |       |
| phoneno   | char(4)      | YES  |     | NULL    |       |
| hiredate  | date         | YES  |     | NULL    |       |
| job       | char(8)      | YES  |     | NULL    |       |
| edlevel   | int(2)       | YES  |     | NULL    |       |
| sex       | char(1)      | YES  |     | NULL    |       |
| birthdate | date         | YES  |     | NULL    |       |
| salary    | decimal(8,2) | YES  |     | NULL    |       |
| bonus     | decimal(8,2) | YES  |     | NULL    |       |
| comm      | decimal(8,2) | YES  |     | NULL    |       |
+-----------+--------------+------+-----+---------+-------+
14 rows in set (0.00 sec)

mysql> .\ insdept.sql
ERROR: 
Unknown command '\ '.
    -> \. insdept.sql
Query OK, 1 row affected (0.00 sec)

Query OK, 1 row affected (0.00 sec)

Query OK, 1 row affected (0.01 sec)

Query OK, 1 row affected (0.00 sec)

Query OK, 1 row affected (0.01 sec)

Query OK, 1 row affected (0.00 sec)

Query OK, 1 row affected (0.01 sec)

Query OK, 1 row affected (0.00 sec)

Query OK, 1 row affected (0.01 sec)

mysql> \. insemp.sql
Query OK, 1 row affected (0.01 sec)

Query OK, 1 row affected (0.00 sec)

Query OK, 1 row affected (0.00 sec)

Query OK, 1 row affected (0.00 sec)

Query OK, 1 row affected (0.01 sec)

Query OK, 1 row affected (0.00 sec)

Query OK, 1 row affected (0.00 sec)

Query OK, 1 row affected (0.00 sec)

Query OK, 1 row affected (0.00 sec)

ERROR 1406 (22001): Data too long for column 'job' at row 1
Query OK, 1 row affected (0.01 sec)

Query OK, 1 row affected (0.00 sec)

Query OK, 1 row affected (0.01 sec)

Query OK, 1 row affected (0.00 sec)

Query OK, 1 row affected (0.00 sec)

Query OK, 1 row affected (0.00 sec)

Query OK, 1 row affected (0.00 sec)

Query OK, 1 row affected (0.00 sec)

Query OK, 1 row affected (0.00 sec)

Query OK, 1 row affected (0.01 sec)

ERROR 1406 (22001): Data too long for column 'job' at row 1
ERROR 1406 (22001): Data too long for column 'job' at row 1
ERROR 1406 (22001): Data too long for column 'job' at row 1
ERROR 1406 (22001): Data too long for column 'job' at row 1
ERROR 1406 (22001): Data too long for column 'job' at row 1
Query OK, 1 row affected (0.00 sec)

Query OK, 1 row affected (0.00 sec)

Query OK, 1 row affected (0.00 sec)

Query OK, 1 row affected (0.00 sec)

Query OK, 1 row affected (0.01 sec)

Query OK, 1 row affected (0.00 sec)

Query OK, 1 row affected (0.00 sec)

mysql> alter table Emp (add job CHAR(10));
ERROR 1064 (42000): You have an error in your SQL syntax; check the manual that corresponds to your MySQL server version for the right syntax to use near '(add job CHAR(10))' at line 1
mysql> delete table Emp;
ERROR 1064 (42000): You have an error in your SQL syntax; check the manual that corresponds to your MySQL server version for the right syntax to use near 'table Emp' at line 1
mysql> remove table Emp;
ERROR 1064 (42000): You have an error in your SQL syntax; check the manual that corresponds to your MySQL server version for the right syntax to use near 'remove table Emp' at line 1
mysql> select * from Emp;
+--------+-----------+---------+-----------+----------+---------+------------+----------+---------+------+------------+-----------+---------+---------+
| empno  | firstname | midinit | lastname  | workdept | phoneno | hiredate   | job      | edlevel | sex  | birthdate  | salary    | bonus   | comm    |
+--------+-----------+---------+-----------+----------+---------+------------+----------+---------+------+------------+-----------+---------+---------+
| 000010 | Christine | I       | Haas      | A00      | 3978    | 2000-01-01 | Pres     |      18 | F    | 1968-08-14 | 312750.00 | 1000.00 | 4220.00 |
| 000020 | Michael   | L       | Thompson  | B01      | 3476    | 2008-10-10 | Manager  |      18 | M    | 1983-02-02 | 161250.00 |  800.00 | 3000.00 |
| 000030 | Sally     | A       | Kwan      | C01      | 4738    | 2010-05-05 | Manager  |      20 | F    | 1980-05-11 | 158250.00 |  800.00 | 3060.00 |
| 000050 | John      | B       | Geyer     | E01      | 6789    | 2003-08-17 | Manager  |      16 | M    | 1975-09-15 | 160175.00 |  800.00 | 3214.00 |
| 000060 | Irving    | F       | Stern     | D11      | 6423    | 2003-09-14 | Manager  |      16 | M    | 1975-07-07 | 155555.00 |  600.00 | 2580.00 |
| 000070 | Eva       | D       | Pulaski   | D21      | 7831    | 2000-09-30 | Manager  |      16 | F    | 1983-05-26 | 156170.00 |  700.00 | 2893.00 |
| 000090 | Eileen    | W       | Henderson | E11      | 5498    | 2002-08-15 | Manager  |      16 | F    | 1976-05-15 | 149750.00 |  600.00 | 2380.00 |
| 000100 | Theodore  | Q       | Spenser   | E21      | 0972    | 2006-06-19 | Manager  |      14 | M    | 1989-12-18 | 146150.00 |  500.00 | 2092.00 |
| 000110 | Vincenzo  | G       | Lucchesi  | A00      | 3490    | 2003-05-16 | Salesrep |      19 | M    | 1983-11-05 | 156500.00 |  900.00 | 3720.00 |
| 000130 | Dolores   | M       | Quintana  | C01      | 4578    | 2006-07-28 | Analyst  |      16 | F    | 1985-09-15 |  93800.00 |  500.00 | 1904.00 |
| 000140 | Heather   | A       | Nicholls  | C01      | 1793    | 2006-12-15 | Analyst  |      18 | F    | 1986-10-19 |  88420.00 |  600.00 | 2274.00 |
| 000150 | Bruce     |         | Adamson   | D11      | 4510    | 2007-02-12 | Designer |      16 | M    | 1982-05-17 |  95280.00 |  500.00 | 2022.00 |
| 000160 | Elizabeth | R       | Pianka    | D11      | 3782    | 2009-10-11 | Designer |      17 | F    | 1987-04-12 |  92250.00 |  400.00 | 1780.00 |
| 000170 | Masatoshi | J       | Yoshimura | D11      | 2890    | 2008-01-01 | Designer |      16 | M    | 1986-01-05 |  84680.00 |  500.00 | 1974.00 |
| 000180 | Marilyn   | S       | Scoutten  | D11      | 1682    | 2003-07-07 | Designer |      17 | F    | 1982-02-21 |  81340.00 |  500.00 | 1707.00 |
| 000190 | James     | H       | Walker    | D11      | 2986    | 2012-07-26 | Designer |      16 | M    | 1992-06-25 |  70450.00 |  400.00 | 1636.00 |
| 000200 | David     |         | Brown     | D11      | 4501    | 2008-03-03 | Designer |      16 | M    | 1986-05-29 |  77740.00 |  600.00 | 2217.00 |
| 000210 | William   | T       | Jones     | D11      | 0942    | 2009-04-11 | Designer |      17 | M    | 1983-03-23 |  88270.00 |  400.00 | 1462.00 |
| 000220 | Jennifer  | K       | Lutz      | D11      | 0672    | 2004-08-29 | Designer |      18 | F    | 1979-03-19 |  89840.00 |  600.00 | 2387.00 |
| 000280 | Ethel     | R       | Schneider | E11      | 8997    | 2009-03-24 | Operator |      17 | F    | 1986-03-28 |  86250.00 |  500.00 | 2100.00 |
| 000290 | John      | R       | Parker    | E11      | 4502    | 2006-05-30 | Operator |      12 | M    | 1988-07-09 |  75340.00 |  300.00 | 1227.00 |
| 000300 | Philip    | X       | Smith     | E11      | 2095    | 2007-06-19 | Operator |      14 | M    | 1986-10-27 |  77750.00 |  400.00 | 1420.00 |
| 000310 | Maude     | F       | Setright  | E11      | 3332    | 2001-09-12 | Operator |      12 | F    | 1981-04-21 |  75900.00 |  300.00 | 1272.00 |
| 000320 | Ramlal    | V       | Mehta     | E21      | 9990    | 2005-07-07 | Fieldrep |      16 | M    | 1982-08-11 |  99950.00 |  400.00 | 1596.00 |
| 000330 | Wing      |         | Lee       | E21      | 2103    | 1999-02-23 | Fieldrep |      14 | M    | 1981-07-18 |  95370.00 |  500.00 | 2030.00 |
| 000340 | Jason     | R       | Gounot    | E21      | 5698    | 1999-05-05 | Fieldrep |      16 | M    | 1976-05-17 | 123840.00 |  500.00 | 1907.00 |
+--------+-----------+---------+-----------+----------+---------+------------+----------+---------+------+------------+-----------+---------+---------+
26 rows in set (0.00 sec)

mysql> pager less -SFX
PAGER set to 'less -SFX'
mysql> select * from Emp;
+--------+-----------+---------+-----------+----------+---------+------------+----------+---------+------+------------+-----------+---------+---------+
| empno  | firstname | midinit | lastname  | workdept | phoneno | hiredate   | job      | edlevel | sex  | birthdate  | salary    | bonus   | comm    |
+--------+-----------+---------+-----------+----------+---------+------------+----------+---------+------+------------+-----------+---------+---------+
| 000010 | Christine | I       | Haas      | A00      | 3978    | 2000-01-01 | Pres     |      18 | F    | 1968-08-14 | 312750.00 | 1000.00 | 4220.00 |
| 000020 | Michael   | L       | Thompson  | B01      | 3476    | 2008-10-10 | Manager  |      18 | M    | 1983-02-02 | 161250.00 |  800.00 | 3000.00 |
| 000030 | Sally     | A       | Kwan      | C01      | 4738    | 2010-05-05 | Manager  |      20 | F    | 1980-05-11 | 158250.00 |  800.00 | 3060.00 |
| 000050 | John      | B       | Geyer     | E01      | 6789    | 2003-08-17 | Manager  |      16 | M    | 1975-09-15 | 160175.00 |  800.00 | 3214.00 |
| 000060 | Irving    | F       | Stern     | D11      | 6423    | 2003-09-14 | Manager  |      16 | M    | 1975-07-07 | 155555.00 |  600.00 | 2580.00 |
| 000070 | Eva       | D       | Pulaski   | D21      | 7831    | 2000-09-30 | Manager  |      16 | F    | 1983-05-26 | 156170.00 |  700.00 | 2893.00 |
| 000090 | Eileen    | W       | Henderson | E11      | 5498    | 2002-08-15 | Manager  |      16 | F    | 1976-05-15 | 149750.00 |  600.00 | 2380.00 |
| 000100 | Theodore  | Q       | Spenser   | E21      | 0972    | 2006-06-19 | Manager  |      14 | M    | 1989-12-18 | 146150.00 |  500.00 | 2092.00 |
| 000110 | Vincenzo  | G       | Lucchesi  | A00      | 3490    | 2003-05-16 | Salesrep |      19 | M    | 1983-11-05 | 156500.00 |  900.00 | 3720.00 |
| 000130 | Dolores   | M       | Quintana  | C01      | 4578    | 2006-07-28 | Analyst  |      16 | F    | 1985-09-15 |  93800.00 |  500.00 | 1904.00 |
| 000140 | Heather   | A       | Nicholls  | C01      | 1793    | 2006-12-15 | Analyst  |      18 | F    | 1986-10-19 |  88420.00 |  600.00 | 2274.00 |
| 000150 | Bruce     |         | Adamson   | D11      | 4510    | 2007-02-12 | Designer |      16 | M    | 1982-05-17 |  95280.00 |  500.00 | 2022.00 |
| 000160 | Elizabeth | R       | Pianka    | D11      | 3782    | 2009-10-11 | Designer |      17 | F    | 1987-04-12 |  92250.00 |  400.00 | 1780.00 |
| 000170 | Masatoshi | J       | Yoshimura | D11      | 2890    | 2008-01-01 | Designer |      16 | M    | 1986-01-05 |  84680.00 |  500.00 | 1974.00 |
| 000180 | Marilyn   | S       | Scoutten  | D11      | 1682    | 2003-07-07 | Designer |      17 | F    | 1982-02-21 |  81340.00 |  500.00 | 1707.00 |
| 000190 | James     | H       | Walker    | D11      | 2986    | 2012-07-26 | Designer |      16 | M    | 1992-06-25 |  70450.00 |  400.00 | 1636.00 |
| 000200 | David     |         | Brown     | D11      | 4501    | 2008-03-03 | Designer |      16 | M    | 1986-05-29 |  77740.00 |  600.00 | 2217.00 |
| 000210 | William   | T       | Jones     | D11      | 0942    | 2009-04-11 | Designer |      17 | M    | 1983-03-23 |  88270.00 |  400.00 | 1462.00 |
| 000220 | Jennifer  | K       | Lutz      | D11      | 0672    | 2004-08-29 | Designer |      18 | F    | 1979-03-19 |  89840.00 |  600.00 | 2387.00 |
| 000280 | Ethel     | R       | Schneider | E11      | 8997    | 2009-03-24 | Operator |      17 | F    | 1986-03-28 |  86250.00 |  500.00 | 2100.00 |
| 000290 | John      | R       | Parker    | E11      | 4502    | 2006-05-30 | Operator |      12 | M    | 1988-07-09 |  75340.00 |  300.00 | 1227.00 |
| 000300 | Philip    | X       | Smith     | E11      | 2095    | 2007-06-19 | Operator |      14 | M    | 1986-10-27 |  77750.00 |  400.00 | 1420.00 |
| 000310 | Maude     | F       | Setright  | E11      | 3332    | 2001-09-12 | Operator |      12 | F    | 1981-04-21 |  75900.00 |  300.00 | 1272.00 |
| 000320 | Ramlal    | V       | Mehta     | E21      | 9990    | 2005-07-07 | Fieldrep |      16 | M    | 1982-08-11 |  99950.00 |  400.00 | 1596.00 |
| 000330 | Wing      |         | Lee       | E21      | 2103    | 1999-02-23 | Fieldrep |      14 | M    | 1981-07-18 |  95370.00 |  500.00 | 2030.00 |
| 000340 | Jason     | R       | Gounot    | E21      | 5698    | 1999-05-05 | Fieldrep |      16 | M    | 1976-05-17 | 123840.00 |  500.00 | 1907.00 |
+--------+-----------+---------+-----------+----------+---------+------------+----------+---------+------+------------+-----------+---------+---------+
26 rows in set (0.00 sec)

mysql> alter table Emp (modify job CHAR(10));
ERROR 1064 (42000): You have an error in your SQL syntax; check the manual that corresponds to your MySQL server version for the right syntax to use near '(modify job CHAR(10))' at line 1
mysql> alter table Emp modify job CHAR(10);
Query OK, 26 rows affected (0.10 sec)
Records: 26  Duplicates: 0  Warnings: 0

mysql> ./ insempPROGRAMMER.sql
    -> ;
ERROR 1064 (42000): You have an error in your SQL syntax; check the manual that corresponds to your MySQL server version for the right syntax to use near './ insempPROGRAMMER.sql' at line 1
mysql> \. insempPROGRAMMER.sql;
ERROR: 
Failed to open file 'insempPROGRAMMER.sql;', error: 2
mysql> \. insempPROGRAMMER.sql;
ERROR: 
Failed to open file 'insempPROGRAMMER.sql;', error: 2
mysql> \. insemp.sql;
ERROR: 
Failed to open file 'insemp.sql;', error: 2
mysql> \. /run/user/265307620/gvfs/smb-share:domain=STUDENT,server=filestu01.staff.ad.curtin.edu.au,share=u0-9$,user=20152428/8/20152428/Documents/Prac03
ERROR: 
Failed to open file '/run/user/265307620/gvfs/smb-share:domain=STUDENT,server=filestu01.staff.ad.curtin.edu.au,share=u0-9$,user=20152428/8/20152428/Documents/Prac03', error: 2
mysql> \. /run/user/265307620/gvfs/smb-share:domain=STUDENT,server=filestu01.staff.ad.curtin.edu.au,share=u0-9$,user=20152428/8/20152428/Documents/Prac03/insempPROGRAMMER.sql
ERROR: 
Failed to open file '/run/user/265307620/gvfs/smb-share:domain=STUDENT,server=filestu01.staff.ad.curtin.edu.au,share=u0-9$,user=20152428/8/20152428/Documents/Prac03/insempPROGRAMMER.sql', error: 2
mysql> \. /run/user/265307620/gvfs/smb-share:domain=STUDENT,server=filestu01.staff.ad.curtin.edu.au,share=u0-9$,user=20152428/8/20152428/Documents/Prac03/insemp.sql
ERROR: 
Failed to open file '/run/user/265307620/gvfs/smb-share:domain=STUDENT,server=filestu01.staff.ad.curtin.edu.au,share=u0-9$,user=20152428/8/20152428/Documents/Prac03/insemp.sql', error: 2
mysql> pwd
    -> ;
ERROR 1064 (42000): You have an error in your SQL syntax; check the manual that corresponds to your MySQL server version for the right syntax to use near 'pwd' at line 1
mysql> INSERT INTO Emp VALUES
    -> ('000120','Sean',' ','Oconnell','A00','2167','2003-10-05','Programmer',14,'M','1982-10-18',99250,600,2340);                                                                                     
Query OK, 1 row affected (0.01 sec)

mysql> INSERT INTO Emp VALUES
    -> ('000230','James','J','Jefferson','D21','2094','2011-11-21','Programmer',14,'M','1985-05-30',62180,400,1774);                                         
Query OK, 1 row affected (0.00 sec)

mysql> INSERT INTO Emp VALUES
    -> ('000240','Salvatore','M','Marino','D21','3780','2009-12-05','Programmer',17,'M','1984-03-31',68760,600,2301);                                          
Query OK, 1 row affected (0.00 sec)

mysql> INSERT INTO Emp VALUES
    -> ('000250','Daniel','S','Smith','D21','0961','2009-10-30','Programmer',15,'M','1982-11-12',59180,400,1534);                                          
Query OK, 1 row affected (0.01 sec)

mysql> INSERT INTO Emp VALUES
    -> ('000260','Sybil','V','Johnson','D21','8953','2005-09-11','Programmer',16,'F','1986-10-05',57250,300,1380);                                          
Query OK, 1 row affected (0.01 sec)

mysql> INSERT INTO Emp VALUES
    -> ('000270','03ia','L','Perez','D21','9001','2009-09-30','Programmer',15,'F','1983-05-26',57380,500,2190);                                          
Query OK, 1 row affected (0.00 sec)

mysql> ,123840,500,1907);select job = 'Programmer';
ERROR 1064 (42000): You have an error in your SQL syntax; check the manual that corresponds to your MySQL server version for the right syntax to use near '123840,500,1907)' at line 1
ERROR 1054 (42S22): Unknown column 'job' in 'field list'
mysql> ,123840,500,1907);select job = 'Programmer' from Emp;
ERROR 1064 (42000): You have an error in your SQL syntax; check the manual that corresponds to your MySQL server version for the right syntax to use near '123840,500,1907)' at line 1
+--------------------+
| job = 'Programmer' |
+--------------------+
|                  0 |
|                  0 |
|                  0 |
|                  0 |
|                  0 |
|                  0 |
|                  0 |
|                  0 |
|                  0 |
|                  1 |
|                  0 |
|                  0 |
|                  0 |
|                  0 |
|                  0 |
|                  0 |
|                  0 |
|                  0 |
|                  0 |
|                  0 |
|                  1 |
|                  1 |
|                  1 |
|                  1 |
|                  1 |
|                  0 |
|                  0 |
|                  0 |
|                  0 |
|                  0 |
|                  0 |
|                  0 |
+--------------------+
32 rows in set (0.00 sec)

mysql> ,123840,500,1907);select * from Emp where job = 'Programmer';
ERROR 1064 (42000): You have an error in your SQL syntax; check the manual that corresponds to your MySQL server version for the right syntax to use near '123840,500,1907)' at line 1
+--------+-----------+---------+-----------+----------+---------+------------+------------+---------+------+------------+----------+--------+---------+
| empno  | firstname | midinit | lastname  | workdept | phoneno | hiredate   | job        | edlevel | sex  | birthdate  | salary   | bonus  | comm    |
+--------+-----------+---------+-----------+----------+---------+------------+------------+---------+------+------------+----------+--------+---------+
| 000120 | Sean      |         | Oconnell  | A00      | 2167    | 2003-10-05 | Programmer |      14 | M    | 1982-10-18 | 99250.00 | 600.00 | 2340.00 |
| 000230 | James     | J       | Jefferson | D21      | 2094    | 2011-11-21 | Programmer |      14 | M    | 1985-05-30 | 62180.00 | 400.00 | 1774.00 |
| 000240 | Salvatore | M       | Marino    | D21      | 3780    | 2009-12-05 | Programmer |      17 | M    | 1984-03-31 | 68760.00 | 600.00 | 2301.00 |
| 000250 | Daniel    | S       | Smith     | D21      | 0961    | 2009-10-30 | Programmer |      15 | M    | 1982-11-12 | 59180.00 | 400.00 | 1534.00 |
| 000260 | Sybil     | V       | Johnson   | D21      | 8953    | 2005-09-11 | Programmer |      16 | F    | 1986-10-05 | 57250.00 | 300.00 | 1380.00 |
| 000270 | 03ia      | L       | Perez     | D21      | 9001    | 2009-09-30 | Programmer |      15 | F    | 1983-05-26 | 57380.00 | 500.00 | 2190.00 |
+--------+-----------+---------+-----------+----------+---------+------------+------------+---------+------+------------+----------+--------+---------+
6 rows in set (0.00 sec)

mysql> desc Emp;
+-----------+--------------+------+-----+---------+-------+
| Field     | Type         | Null | Key | Default | Extra |
+-----------+--------------+------+-----+---------+-------+
| empno     | char(6)      | NO   | PRI | NULL    |       |
| firstname | varchar(12)  | NO   |     | NULL    |       |
| midinit   | char(1)      | NO   |     | NULL    |       |
| lastname  | varchar(15)  | NO   |     | NULL    |       |
| workdept  | char(3)      | YES  |     | NULL    |       |
| phoneno   | char(4)      | YES  |     | NULL    |       |
| hiredate  | date         | YES  |     | NULL    |       |
| job       | char(10)     | YES  |     | NULL    |       |
| edlevel   | int(2)       | YES  |     | NULL    |       |
| sex       | char(1)      | YES  |     | NULL    |       |
| birthdate | date         | YES  |     | NULL    |       |
| salary    | decimal(8,2) | YES  |     | NULL    |       |
| bonus     | decimal(8,2) | YES  |     | NULL    |       |
| comm      | decimal(8,2) | YES  |     | NULL    |       |
+-----------+--------------+------+-----+---------+-------+
14 rows in set (0.00 sec)

mysql> select lastname, workdept, salary from Emp where salary > 100000;
+-----------+----------+-----------+
| lastname  | workdept | salary    |
+-----------+----------+-----------+
| Haas      | A00      | 312750.00 |
| Thompson  | B01      | 161250.00 |
| Kwan      | C01      | 158250.00 |
| Geyer     | E01      | 160175.00 |
| Stern     | D11      | 155555.00 |
| Pulaski   | D21      | 156170.00 |
| Henderson | E11      | 149750.00 |
| Spenser   | E21      | 146150.00 |
| Lucchesi  | A00      | 156500.00 |
| Gounot    | E21      | 123840.00 |
+-----------+----------+-----------+
10 rows in set (0.01 sec)

mysql> select lastname, firstname, birthdate from Emp where salary < 90000;
+-----------+-----------+------------+
| lastname  | firstname | birthdate  |
+-----------+-----------+------------+
| Nicholls  | Heather   | 1986-10-19 |
| Yoshimura | Masatoshi | 1986-01-05 |
| Scoutten  | Marilyn   | 1982-02-21 |
| Walker    | James     | 1992-06-25 |
| Brown     | David     | 1986-05-29 |
| Jones     | William   | 1983-03-23 |
| Lutz      | Jennifer  | 1979-03-19 |
| Jefferson | James     | 1985-05-30 |
| Marino    | Salvatore | 1984-03-31 |
| Smith     | Daniel    | 1982-11-12 |
| Johnson   | Sybil     | 1986-10-05 |
| Perez     | 03ia      | 1983-05-26 |
| Schneider | Ethel     | 1986-03-28 |
| Parker    | John      | 1988-07-09 |
| Smith     | Philip    | 1986-10-27 |
| Setright  | Maude     | 1981-04-21 |
+-----------+-----------+------------+
16 rows in set (0.01 sec)

mysql> desc Dept;
+----------+-------------+------+-----+---------+-------+
| Field    | Type        | Null | Key | Default | Extra |
+----------+-------------+------+-----+---------+-------+
| deptno   | char(3)     | NO   | PRI | NULL    |       |
| deptname | varchar(36) | NO   |     | NULL    |       |
| mgrno    | char(6)     | YES  |     | NULL    |       |
| admrdept | char(3)     | NO   |     | NULL    |       |
+----------+-------------+------+-----+---------+-------+
4 rows in set (0.01 sec)

mysql> select * from Dept where mgrno IS NULL;
+--------+--------------------+-------+----------+
| deptno | deptname           | mgrno | admrdept |
+--------+--------------------+-------+----------+
| D01    | Development Centre | NULL  | A00      |
+--------+--------------------+-------+----------+
1 row in set (0.00 sec)

mysql> ^C
mysql> desc Dept;
+----------+-------------+------+-----+---------+-------+
| Field    | Type        | Null | Key | Default | Extra |
+----------+-------------+------+-----+---------+-------+
| deptno   | char(3)     | NO   | PRI | NULL    |       |
| deptname | varchar(36) | NO   |     | NULL    |       |
| mgrno    | char(6)     | YES  |     | NULL    |       |
| admrdept | char(3)     | NO   |     | NULL    |       |
+----------+-------------+------+-----+---------+-------+
4 rows in set (0.00 sec)

mysql> desc Emp;
+-----------+--------------+------+-----+---------+-------+
| Field     | Type         | Null | Key | Default | Extra |
+-----------+--------------+------+-----+---------+-------+
| empno     | char(6)      | NO   | PRI | NULL    |       |
| firstname | varchar(12)  | NO   |     | NULL    |       |
| midinit   | char(1)      | NO   |     | NULL    |       |
| lastname  | varchar(15)  | NO   |     | NULL    |       |
| workdept  | char(3)      | YES  |     | NULL    |       |
| phoneno   | char(4)      | YES  |     | NULL    |       |
| hiredate  | date         | YES  |     | NULL    |       |
| job       | char(10)     | YES  |     | NULL    |       |
| edlevel   | int(2)       | YES  |     | NULL    |       |
| sex       | char(1)      | YES  |     | NULL    |       |
| birthdate | date         | YES  |     | NULL    |       |
| salary    | decimal(8,2) | YES  |     | NULL    |       |
| bonus     | decimal(8,2) | YES  |     | NULL    |       |
| comm      | decimal(8,2) | YES  |     | NULL    |       |
+-----------+--------------+------+-----+---------+-------+
14 rows in set (0.00 sec)

mysql> select empno, lastname, workdept, phoneno from Emp where workdept IS BETWEEN D01 and E01;
ERROR 1064 (42000): You have an error in your SQL syntax; check the manual that corresponds to your MySQL server version for the right syntax to use near 'BETWEEN D01 and E01' at line 1
mysql> select empno, lastname, workdept, phoneno from Emp where workdept BETWEEN D01 and E01;
ERROR 1054 (42S22): Unknown column 'D01' in 'where clause'
mysql> select empno, lastname, workdept, phoneno from Emp where workdept BETWEEN 'D01' and 'E01';
+--------+-----------+----------+---------+
| empno  | lastname  | workdept | phoneno |
+--------+-----------+----------+---------+
| 000050 | Geyer     | E01      | 6789    |
| 000060 | Stern     | D11      | 6423    |
| 000070 | Pulaski   | D21      | 7831    |
| 000150 | Adamson   | D11      | 4510    |
| 000160 | Pianka    | D11      | 3782    |
| 000170 | Yoshimura | D11      | 2890    |
| 000180 | Scoutten  | D11      | 1682    |
| 000190 | Walker    | D11      | 2986    |
| 000200 | Brown     | D11      | 4501    |
| 000210 | Jones     | D11      | 0942    |
| 000220 | Lutz      | D11      | 0672    |
| 000230 | Jefferson | D21      | 2094    |
| 000240 | Marino    | D21      | 3780    |
| 000250 | Smith     | D21      | 0961    |
| 000260 | Johnson   | D21      | 8953    |
| 000270 | Perez     | D21      | 9001    |
+--------+-----------+----------+---------+
16 rows in set (0.00 sec)

mysql> select * from Dept where deptname LIKE 'Service';
Empty set (0.00 sec)

mysql> select * from Dept;;
+--------+------------------------------+--------+----------+
| deptno | deptname                     | mgrno  | admrdept |
+--------+------------------------------+--------+----------+
| A00    | Spiffy Computer Service DIV. | 000010 | A00      |
| B01    | Planning                     | 000020 | A00      |
| C01    | Information Centre           | 000030 | A00      |
| D01    | Development Centre           | NULL   | A00      |
| D11    | Manufacturing Systems        | 000060 | D01      |
| D21    | Administration Systems       | 000070 | D01      |
| E01    | Support Services             | 000050 | A00      |
| E11    | Operations                   | 000090 | E01      |
| E21    | Software Support             | 000100 | E01      |
+--------+------------------------------+--------+----------+
9 rows in set (0.00 sec)

ERROR: 
No query specified

mysql> select * from Dept where deptname LIKE 'Services';
Empty set (0.00 sec)

mysql> select * from Dept where deptname LIKE '%Service%';
+--------+------------------------------+--------+----------+
| deptno | deptname                     | mgrno  | admrdept |
+--------+------------------------------+--------+----------+
| A00    | Spiffy Computer Service DIV. | 000010 | A00      |
| E01    | Support Services             | 000050 | A00      |
+--------+------------------------------+--------+----------+
2 rows in set (0.00 sec)

mysql> select * from Dept where deptname LIKE '%service%';
+--------+------------------------------+--------+----------+
| deptno | deptname                     | mgrno  | admrdept |
+--------+------------------------------+--------+----------+
| A00    | Spiffy Computer Service DIV. | 000010 | A00      |
| E01    | Support Services             | 000050 | A00      |
+--------+------------------------------+--------+----------+
2 rows in set (0.00 sec)

mysql> select empno, lastname, workdept from Emp where workdept = 'D21' and salary <= 60000;
+--------+----------+----------+
| empno  | lastname | workdept |
+--------+----------+----------+
| 000250 | Smith    | D21      |
| 000260 | Johnson  | D21      |
| 000270 | Perez    | D21      |
+--------+----------+----------+
3 rows in set (0.00 sec)

mysql> select empno, lastname, workdept, salary from Emp where workdept = 'D21' and salary <= 60000;
+--------+----------+----------+----------+
| empno  | lastname | workdept | salary   |
+--------+----------+----------+----------+
| 000250 | Smith    | D21      | 59180.00 |
| 000260 | Johnson  | D21      | 57250.00 |
| 000270 | Perez    | D21      | 57380.00 |
+--------+----------+----------+----------+
3 rows in set (0.00 sec)

mysql> select concat(firstname, ' ', midinit, ' ', lastname) Name from Emp;
+-----------------------+
| Name                  |
+-----------------------+
| Christine I Haas      |
| Michael L Thompson    |
| Sally A Kwan          |
| John B Geyer          |
| Irving F Stern        |
| Eva D Pulaski         |
| Eileen W Henderson    |
| Theodore Q Spenser    |
| Vincenzo G Lucchesi   |
| Sean  Oconnell        |
| Dolores M Quintana    |
| Heather A Nicholls    |
| Bruce  Adamson        |
| Elizabeth R Pianka    |
| Masatoshi J Yoshimura |
| Marilyn S Scoutten    |
| James H Walker        |
| David  Brown          |
| William T Jones       |
| Jennifer K Lutz       |
| James J Jefferson     |
| Salvatore M Marino    |
| Daniel S Smith        |
| Sybil V Johnson       |
| 03ia L Perez          |
| Ethel R Schneider     |
| John R Parker         |
| Philip X Smith        |
| Maude F Setright      |
| Ramlal V Mehta        |
| Wing  Lee             |
| Jason R Gounot        |
+-----------------------+
32 rows in set (0.01 sec)

mysql> select concat(firstname, ' ', midinit, ' ', lastname) Name, date_format(birthdate, 'W%, %d %M %Y') from Emp;
+-----------------------+----------------------------------------+
| Name                  | date_format(birthdate, 'W%, %d %M %Y') |
+-----------------------+----------------------------------------+
| Christine I Haas      | W, 14 August 1968                      |
| Michael L Thompson    | W, 02 February 1983                    |
| Sally A Kwan          | W, 11 May 1980                         |
| John B Geyer          | W, 15 September 1975                   |
| Irving F Stern        | W, 07 July 1975                        |
| Eva D Pulaski         | W, 26 May 1983                         |
| Eileen W Henderson    | W, 15 May 1976                         |
| Theodore Q Spenser    | W, 18 December 1989                    |
| Vincenzo G Lucchesi   | W, 05 November 1983                    |
| Sean  Oconnell        | W, 18 October 1982                     |
| Dolores M Quintana    | W, 15 September 1985                   |
| Heather A Nicholls    | W, 19 October 1986                     |
| Bruce  Adamson        | W, 17 May 1982                         |
| Elizabeth R Pianka    | W, 12 April 1987                       |
| Masatoshi J Yoshimura | W, 05 January 1986                     |
| Marilyn S Scoutten    | W, 21 February 1982                    |
| James H Walker        | W, 25 June 1992                        |
| David  Brown          | W, 29 May 1986                         |
| William T Jones       | W, 23 March 1983                       |
| Jennifer K Lutz       | W, 19 March 1979                       |
| James J Jefferson     | W, 30 May 1985                         |
| Salvatore M Marino    | W, 31 March 1984                       |
| Daniel S Smith        | W, 12 November 1982                    |
| Sybil V Johnson       | W, 05 October 1986                     |
| 03ia L Perez          | W, 26 May 1983                         |
| Ethel R Schneider     | W, 28 March 1986                       |
| John R Parker         | W, 09 July 1988                        |
| Philip X Smith        | W, 27 October 1986                     |
| Maude F Setright      | W, 21 April 1981                       |
| Ramlal V Mehta        | W, 11 August 1982                      |
| Wing  Lee             | W, 18 July 1981                        |
| Jason R Gounot        | W, 17 May 1976                         |
+-----------------------+----------------------------------------+
32 rows in set (0.00 sec)

mysql> select concat(firstname, ' ', midinit, ' ', lastname) Name, date_format(birthdate, '%W, %d %M %Y') from Emp;
+-----------------------+----------------------------------------+
| Name                  | date_format(birthdate, '%W, %d %M %Y') |
+-----------------------+----------------------------------------+
| Christine I Haas      | Wednesday, 14 August 1968              |
| Michael L Thompson    | Wednesday, 02 February 1983            |
| Sally A Kwan          | Sunday, 11 May 1980                    |
| John B Geyer          | Monday, 15 September 1975              |
| Irving F Stern        | Monday, 07 July 1975                   |
| Eva D Pulaski         | Thursday, 26 May 1983                  |
| Eileen W Henderson    | Saturday, 15 May 1976                  |
| Theodore Q Spenser    | Monday, 18 December 1989               |
| Vincenzo G Lucchesi   | Saturday, 05 November 1983             |
| Sean  Oconnell        | Monday, 18 October 1982                |
| Dolores M Quintana    | Sunday, 15 September 1985              |
| Heather A Nicholls    | Sunday, 19 October 1986                |
| Bruce  Adamson        | Monday, 17 May 1982                    |
| Elizabeth R Pianka    | Sunday, 12 April 1987                  |
| Masatoshi J Yoshimura | Sunday, 05 January 1986                |
| Marilyn S Scoutten    | Sunday, 21 February 1982               |
| James H Walker        | Thursday, 25 June 1992                 |
| David  Brown          | Thursday, 29 May 1986                  |
| William T Jones       | Wednesday, 23 March 1983               |
| Jennifer K Lutz       | Monday, 19 March 1979                  |
| James J Jefferson     | Thursday, 30 May 1985                  |
| Salvatore M Marino    | Saturday, 31 March 1984                |
| Daniel S Smith        | Friday, 12 November 1982               |
| Sybil V Johnson       | Sunday, 05 October 1986                |
| 03ia L Perez          | Thursday, 26 May 1983                  |
| Ethel R Schneider     | Friday, 28 March 1986                  |
| John R Parker         | Saturday, 09 July 1988                 |
| Philip X Smith        | Monday, 27 October 1986                |
| Maude F Setright      | Tuesday, 21 April 1981                 |
| Ramlal V Mehta        | Wednesday, 11 August 1982              |
| Wing  Lee             | Saturday, 18 July 1981                 |
| Jason R Gounot        | Monday, 17 May 1976                    |
+-----------------------+----------------------------------------+
32 rows in set (0.00 sec)

mysql> select concat(firstname, ' ', midinit, ' ', lastname) Name, date_format(birthdate, '%W, %d %M %Y') from Emp where job = 'Designer';
+-----------------------+----------------------------------------+
| Name                  | date_format(birthdate, '%W, %d %M %Y') |
+-----------------------+----------------------------------------+
| Bruce  Adamson        | Monday, 17 May 1982                    |
| Elizabeth R Pianka    | Sunday, 12 April 1987                  |
| Masatoshi J Yoshimura | Sunday, 05 January 1986                |
| Marilyn S Scoutten    | Sunday, 21 February 1982               |
| James H Walker        | Thursday, 25 June 1992                 |
| David  Brown          | Thursday, 29 May 1986                  |
| William T Jones       | Wednesday, 23 March 1983               |
| Jennifer K Lutz       | Monday, 19 March 1979                  |
+-----------------------+----------------------------------------+
8 rows in set (0.00 sec)

mysql> select concat(firstname, ' ', midinit, ' ', lastname) Name, date_format(birthdate, '%W, %d %M %Y') Birthday from Emp where job = 'Designer';
+-----------------------+--------------------------+
| Name                  | Birthday                 |
+-----------------------+--------------------------+
| Bruce  Adamson        | Monday, 17 May 1982      |
| Elizabeth R Pianka    | Sunday, 12 April 1987    |
| Masatoshi J Yoshimura | Sunday, 05 January 1986  |
| Marilyn S Scoutten    | Sunday, 21 February 1982 |
| James H Walker        | Thursday, 25 June 1992   |
| David  Brown          | Thursday, 29 May 1986    |
| William T Jones       | Wednesday, 23 March 1983 |
| Jennifer K Lutz       | Monday, 19 March 1979    |
+-----------------------+--------------------------+
8 rows in set (0.00 sec)

mysql> select lastname, workdept, round((salary/12),0) from Emp where deptno IN ('B01', 'C01', 'D11', 'E21');
ERROR 1054 (42S22): Unknown column 'deptno' in 'where clause'
mysql> desc Emp;
+-----------+--------------+------+-----+---------+-------+
| Field     | Type         | Null | Key | Default | Extra |
+-----------+--------------+------+-----+---------+-------+
| empno     | char(6)      | NO   | PRI | NULL    |       |
| firstname | varchar(12)  | NO   |     | NULL    |       |
| midinit   | char(1)      | NO   |     | NULL    |       |
| lastname  | varchar(15)  | NO   |     | NULL    |       |
| workdept  | char(3)      | YES  |     | NULL    |       |
| phoneno   | char(4)      | YES  |     | NULL    |       |
| hiredate  | date         | YES  |     | NULL    |       |
| job       | char(10)     | YES  |     | NULL    |       |
| edlevel   | int(2)       | YES  |     | NULL    |       |
| sex       | char(1)      | YES  |     | NULL    |       |
| birthdate | date         | YES  |     | NULL    |       |
| salary    | decimal(8,2) | YES  |     | NULL    |       |
| bonus     | decimal(8,2) | YES  |     | NULL    |       |
| comm      | decimal(8,2) | YES  |     | NULL    |       |
+-----------+--------------+------+-----+---------+-------+
14 rows in set (0.00 sec)

mysql> select lastname, workdept, round((salary/12),0) from Emp where workdept IN ('B01', 'C01', 'D11', 'E21');
+-----------+----------+----------------------+
| lastname  | workdept | round((salary/12),0) |
+-----------+----------+----------------------+
| Thompson  | B01      |                13438 |
| Kwan      | C01      |                13188 |
| Stern     | D11      |                12963 |
| Spenser   | E21      |                12179 |
| Quintana  | C01      |                 7817 |
| Nicholls  | C01      |                 7368 |
| Adamson   | D11      |                 7940 |
| Pianka    | D11      |                 7688 |
| Yoshimura | D11      |                 7057 |
| Scoutten  | D11      |                 6778 |
| Walker    | D11      |                 5871 |
| Brown     | D11      |                 6478 |
| Jones     | D11      |                 7356 |
| Lutz      | D11      |                 7487 |
| Mehta     | E21      |                 8329 |
| Lee       | E21      |                 7948 |
| Gounot    | E21      |                10320 |
+-----------+----------+----------------------+
17 rows in set (0.00 sec)

mysql> select lastname, workdept, round((salary/12),0) Monthly Salary from Emp where workdept IN ('B01', 'C01', 'D11', 'E21');
ERROR 1064 (42000): You have an error in your SQL syntax; check the manual that corresponds to your MySQL server version for the right syntax to use near 'Salary from Emp where workdept IN ('B01', 'C01', 'D11', 'E21')' at line 1
mysql> select lastname, workdept, round((salary/12),0) AS 'Monthly Salary' from Emp where workdept IN ('B01', 'C01', 'D11', 'E21');
+-----------+----------+----------------+
| lastname  | workdept | Monthly Salary |
+-----------+----------+----------------+
| Thompson  | B01      |          13438 |
| Kwan      | C01      |          13188 |
| Stern     | D11      |          12963 |
| Spenser   | E21      |          12179 |
| Quintana  | C01      |           7817 |
| Nicholls  | C01      |           7368 |
| Adamson   | D11      |           7940 |
| Pianka    | D11      |           7688 |
| Yoshimura | D11      |           7057 |
| Scoutten  | D11      |           6778 |
| Walker    | D11      |           5871 |
| Brown     | D11      |           6478 |
| Jones     | D11      |           7356 |
| Lutz      | D11      |           7487 |
| Mehta     | E21      |           8329 |
| Lee       | E21      |           7948 |
| Gounot    | E21      |          10320 |
+-----------+----------+----------------+
17 rows in set (0.00 sec)

mysql> ^C
mysql> select lastname, workdept, round((salary/52.1786),2) AS 'Weekly Salary' from Emp where workdept IN ('B01', 'C01', 'E21');
+----------+----------+---------------+
| lastname | workdept | Weekly Salary |
+----------+----------+---------------+
| Thompson | B01      |       3090.35 |
| Kwan     | C01      |       3032.85 |
| Spenser  | E21      |       2800.96 |
| Quintana | C01      |       1797.67 |
| Nicholls | C01      |       1694.56 |
| Mehta    | E21      |       1915.54 |
| Lee      | E21      |       1827.76 |
| Gounot   | E21      |       2373.39 |
+----------+----------+---------------+
8 rows in set (0.00 sec)

mysql> select empno, firstname, birthdate, workdept from Emp where workdept IN ('B01', 'C01', 'D11', 'E21');
+--------+-----------+------------+----------+
| empno  | firstname | birthdate  | workdept |
+--------+-----------+------------+----------+
| 000020 | Michael   | 1983-02-02 | B01      |
| 000030 | Sally     | 1980-05-11 | C01      |
| 000060 | Irving    | 1975-07-07 | D11      |
| 000100 | Theodore  | 1989-12-18 | E21      |
| 000130 | Dolores   | 1985-09-15 | C01      |
| 000140 | Heather   | 1986-10-19 | C01      |
| 000150 | Bruce     | 1982-05-17 | D11      |
| 000160 | Elizabeth | 1987-04-12 | D11      |
| 000170 | Masatoshi | 1986-01-05 | D11      |
| 000180 | Marilyn   | 1982-02-21 | D11      |
| 000190 | James     | 1992-06-25 | D11      |
| 000200 | David     | 1986-05-29 | D11      |
| 000210 | William   | 1983-03-23 | D11      |
| 000220 | Jennifer  | 1979-03-19 | D11      |
| 000320 | Ramlal    | 1982-08-11 | E21      |
| 000330 | Wing      | 1981-07-18 | E21      |
| 000340 | Jason     | 1976-05-17 | E21      |
+--------+-----------+------------+----------+
17 rows in set (0.00 sec)

mysql> select empno, firstname, date_format(birthdate, '%d %M') birthdate, workdept from Emp where workdept IN ('B01', 'C01', 'D11', 'E21');
+--------+-----------+--------------+----------+
| empno  | firstname | birthdate    | workdept |
+--------+-----------+--------------+----------+
| 000020 | Michael   | 02 February  | B01      |
| 000030 | Sally     | 11 May       | C01      |
| 000060 | Irving    | 07 July      | D11      |
| 000100 | Theodore  | 18 December  | E21      |
| 000130 | Dolores   | 15 September | C01      |
| 000140 | Heather   | 19 October   | C01      |
| 000150 | Bruce     | 17 May       | D11      |
| 000160 | Elizabeth | 12 April     | D11      |
| 000170 | Masatoshi | 05 January   | D11      |
| 000180 | Marilyn   | 21 February  | D11      |
| 000190 | James     | 25 June      | D11      |
| 000200 | David     | 29 May       | D11      |
| 000210 | William   | 23 March     | D11      |
| 000220 | Jennifer  | 19 March     | D11      |
| 000320 | Ramlal    | 11 August    | E21      |
| 000330 | Wing      | 18 July      | E21      |
| 000340 | Jason     | 17 May       | E21      |
+--------+-----------+--------------+----------+
17 rows in set (0.00 sec)

mysql> desc Emp;
+-----------+--------------+------+-----+---------+-------+
| Field     | Type         | Null | Key | Default | Extra |
+-----------+--------------+------+-----+---------+-------+
| empno     | char(6)      | NO   | PRI | NULL    |       |
| firstname | varchar(12)  | NO   |     | NULL    |       |
| midinit   | char(1)      | NO   |     | NULL    |       |
| lastname  | varchar(15)  | NO   |     | NULL    |       |
| workdept  | char(3)      | YES  |     | NULL    |       |
| phoneno   | char(4)      | YES  |     | NULL    |       |
| hiredate  | date         | YES  |     | NULL    |       |
| job       | char(10)     | YES  |     | NULL    |       |
| edlevel   | int(2)       | YES  |     | NULL    |       |
| sex       | char(1)      | YES  |     | NULL    |       |
| birthdate | date         | YES  |     | NULL    |       |
| salary    | decimal(8,2) | YES  |     | NULL    |       |
| bonus     | decimal(8,2) | YES  |     | NULL    |       |
| comm      | decimal(8,2) | YES  |     | NULL    |       |
+-----------+--------------+------+-----+---------+-------+
14 rows in set (0.01 sec)

mysql> select empno, firstname, lastname, workdept, salary+bonus+comm AS 'Total Income' where workdept IN ('B01', 'C01', 'E21');
ERROR 1064 (42000): You have an error in your SQL syntax; check the manual that corresponds to your MySQL server version for the right syntax to use near 'where workdept IN ('B01', 'C01', 'E21')' at line 1
mysql> select empno, firstname, lastname, workdept, salary+bonus+comm AS 'Total Income' where workdept IN ('B01', 'C01', 'E21');
ERROR 1064 (42000): You have an error in your SQL syntax; check the manual that corresponds to your MySQL server version for the right syntax to use near 'where workdept IN ('B01', 'C01', 'E21')' at line 1
mysql> select empno, firstname, lastname, workdept, salary+bonus+comm AS 'Total Income' from Emp where workdept IN ('B01', 'C01', 'E21');
+--------+-----------+----------+----------+--------------+
| empno  | firstname | lastname | workdept | Total Income |
+--------+-----------+----------+----------+--------------+
| 000020 | Michael   | Thompson | B01      |    165050.00 |
| 000030 | Sally     | Kwan     | C01      |    162110.00 |
| 000100 | Theodore  | Spenser  | E21      |    148742.00 |
| 000130 | Dolores   | Quintana | C01      |     96204.00 |
| 000140 | Heather   | Nicholls | C01      |     91294.00 |
| 000320 | Ramlal    | Mehta    | E21      |    101946.00 |
| 000330 | Wing      | Lee      | E21      |     97900.00 |
| 000340 | Jason     | Gounot   | E21      |    126247.00 |
+--------+-----------+----------+----------+--------------+
8 rows in set (0.00 sec)

mysql> select lastname, truncate(datediff(currdate, birthdate))/365, 0) age from Emp;
ERROR 1064 (42000): You have an error in your SQL syntax; check the manual that corresponds to your MySQL server version for the right syntax to use near ')/365, 0) age from Emp' at line 1
mysql> select lastname, truncate(datediff(currdate, birthdate)/365, 0) age from Emp;
ERROR 1054 (42S22): Unknown column 'currdate' in 'field list'
mysql> select lastname, truncate(datediff(currdate(), birthdate)/365, 0) age from Emp;
ERROR 1305 (42000): FUNCTION dswork.currdate does not exist
mysql> select lastname, truncate(datediff(sysdate(), birthdate)/365, 0) age from Emp;
+-----------+------+
| lastname  | age  |
+-----------+------+
| Haas      |   53 |
| Thompson  |   38 |
| Kwan      |   41 |
| Geyer     |   45 |
| Stern     |   46 |
| Pulaski   |   38 |
| Henderson |   45 |
| Spenser   |   31 |
| Lucchesi  |   37 |
| Oconnell  |   38 |
| Quintana  |   35 |
| Nicholls  |   34 |
| Adamson   |   39 |
| Pianka    |   34 |
| Yoshimura |   35 |
| Scoutten  |   39 |
| Walker    |   29 |
| Brown     |   35 |
| Jones     |   38 |
| Lutz      |   42 |
| Jefferson |   36 |
| Marino    |   37 |
| Smith     |   38 |
| Johnson   |   34 |
| Perez     |   38 |
| Schneider |   35 |
| Parker    |   33 |
| Smith     |   34 |
| Setright  |   40 |
| Mehta     |   39 |
| Lee       |   40 |
| Gounot    |   45 |
+-----------+------+
32 rows in set (0.00 sec)

mysql> ^C
mysql> select lastname, truncate(datediff(sysdate(), birthdate)/365, 0) age from Emp;
+-----------+------+
| lastname  | age  |
+-----------+------+
| Haas      |   53 |
| Thompson  |   38 |
| Kwan      |   41 |
| Geyer     |   45 |
| Stern     |   46 |
| Pulaski   |   38 |
| Henderson |   45 |
| Spenser   |   31 |
| Lucchesi  |   37 |
| Oconnell  |   38 |
| Quintana  |   35 |
| Nicholls  |   34 |
| Adamson   |   39 |
| Pianka    |   34 |
| Yoshimura |   35 |
| Scoutten  |   39 |
| Walker    |   29 |
| Brown     |   35 |
| Jones     |   38 |
| Lutz      |   42 |
| Jefferson |   36 |
| Marino    |   37 |
| Smith     |   38 |
| Johnson   |   34 |
| Perez     |   38 |
| Schneider |   35 |
| Parker    |   33 |
| Smith     |   34 |
| Setright  |   40 |
| Mehta     |   39 |
| Lee       |   40 |
| Gounot    |   45 |
+-----------+------+
32 rows in set (0.00 sec)

mysql> select lastname, truncate(datediff(sysdate(), birthdate)/365.25, 0) age from Emp;
+-----------+------+
| lastname  | age  |
+-----------+------+
| Haas      |   53 |
| Thompson  |   38 |
| Kwan      |   41 |
| Geyer     |   45 |
| Stern     |   46 |
| Pulaski   |   38 |
| Henderson |   45 |
| Spenser   |   31 |
| Lucchesi  |   37 |
| Oconnell  |   38 |
| Quintana  |   35 |
| Nicholls  |   34 |
| Adamson   |   39 |
| Pianka    |   34 |
| Yoshimura |   35 |
| Scoutten  |   39 |
| Walker    |   29 |
| Brown     |   35 |
| Jones     |   38 |
| Lutz      |   42 |
| Jefferson |   36 |
| Marino    |   37 |
| Smith     |   38 |
| Johnson   |   34 |
| Perez     |   38 |
| Schneider |   35 |
| Parker    |   33 |
| Smith     |   34 |
| Setright  |   40 |
| Mehta     |   39 |
| Lee       |   40 |
| Gounot    |   45 |
+-----------+------+
32 rows in set (0.00 sec)

