mysql> CREAT DATABASE company;
ERROR 1064 (42000): You have an error in your SQL syntax; check the manual that corresponds to your MySQL server version for the right syntax to use near 'CREAT DATABASE company' at line 1
mysql> CREATE DATABASE company;
Query OK, 1 row affected (0.00 sec)

mysql> ./ rebuild.sql
    -> ;
ERROR 1064 (42000): You have an error in your SQL syntax; check the manual that corresponds to your MySQL server version for the right syntax to use near './ rebuild.sql' at line 1
mysql> .\ rebuild.sql;
ERROR: 
Unknown command '\ '.
ERROR 1064 (42000): You have an error in your SQL syntax; check the manual that corresponds to your MySQL server version for the right syntax to use near '.\ rebuild.sql' at line 1
mysql> /. rebuild.sql;
ERROR 1064 (42000): You have an error in your SQL syntax; check the manual that corresponds to your MySQL server version for the right syntax to use near '/. rebuild.sql' at line 1
mysql> RUN rebuild.sql
    -> ;
ERROR 1064 (42000): You have an error in your SQL syntax; check the manual that corresponds to your MySQL server version for the right syntax to use near 'RUN rebuild.sql' at line 1
mysql> SOURCE rebuild.sql
ERROR 1046 (3D000): No database selected
ERROR 1046 (3D000): No database selected
ERROR: 
Failed to open file 'createmp.sql', error: 2
ERROR 1046 (3D000): No database selected
ERROR 1046 (3D000): No database selected
ERROR 1046 (3D000): No database selected
ERROR 1046 (3D000): No database selected
ERROR 1046 (3D000): No database selected
ERROR 1046 (3D000): No database selected
ERROR 1046 (3D000): No database selected
ERROR 1046 (3D000): No database selected
ERROR 1046 (3D000): No database selected
ERROR 1046 (3D000): No database selected
ERROR 1046 (3D000): No database selected
ERROR 1046 (3D000): No database selected
ERROR 1046 (3D000): No database selected
ERROR 1046 (3D000): No database selected
ERROR 1046 (3D000): No database selected
ERROR 1046 (3D000): No database selected
ERROR 1046 (3D000): No database selected
ERROR 1046 (3D000): No database selected
ERROR 1046 (3D000): No database selected
ERROR 1046 (3D000): No database selected
ERROR 1046 (3D000): No database selected
ERROR 1046 (3D000): No database selected
ERROR 1046 (3D000): No database selected
ERROR 1046 (3D000): No database selected
ERROR 1046 (3D000): No database selected
ERROR 1046 (3D000): No database selected
ERROR 1046 (3D000): No database selected
ERROR 1046 (3D000): No database selected
ERROR 1046 (3D000): No database selected
ERROR 1046 (3D000): No database selected
ERROR 1046 (3D000): No database selected
ERROR 1046 (3D000): No database selected
ERROR 1046 (3D000): No database selected
ERROR 1046 (3D000): No database selected
ERROR 1046 (3D000): No database selected
ERROR 1046 (3D000): No database selected
ERROR 1046 (3D000): No database selected
ERROR 1046 (3D000): No database selected
ERROR 1046 (3D000): No database selected
ERROR 1046 (3D000): No database selected
ERROR 1046 (3D000): No database selected
ERROR 1046 (3D000): No database selected
ERROR 1046 (3D000): No database selected
ERROR 1046 (3D000): No database selected
ERROR 1046 (3D000): No database selected
ERROR 1046 (3D000): No database selected
ERROR 1046 (3D000): No database selected
ERROR 1046 (3D000): No database selected
ERROR 1046 (3D000): No database selected
ERROR 1046 (3D000): No database selected
ERROR 1046 (3D000): No database selected
ERROR 1046 (3D000): No database selected
ERROR 1046 (3D000): No database selected
ERROR 1046 (3D000): No database selected
ERROR 1046 (3D000): No database selected
ERROR 1046 (3D000): No database selected
ERROR 1046 (3D000): No database selected
ERROR 1046 (3D000): No database selected
ERROR 1046 (3D000): No database selected
ERROR 1046 (3D000): No database selected
ERROR 1046 (3D000): No database selected
ERROR 1046 (3D000): No database selected
ERROR 1046 (3D000): No database selected
ERROR 1046 (3D000): No database selected
ERROR 1046 (3D000): No database selected
ERROR 1046 (3D000): No database selected
ERROR 1046 (3D000): No database selected
ERROR 1046 (3D000): No database selected
ERROR 1046 (3D000): No database selected
ERROR 1046 (3D000): No database selected
ERROR 1046 (3D000): No database selected
ERROR 1046 (3D000): No database selected
ERROR 1046 (3D000): No database selected
ERROR 1046 (3D000): No database selected
ERROR 1046 (3D000): No database selected
ERROR 1046 (3D000): No database selected
ERROR 1046 (3D000): No database selected
ERROR 1046 (3D000): No database selected
ERROR 1046 (3D000): No database selected
ERROR 1046 (3D000): No database selected
ERROR 1046 (3D000): No database selected
ERROR 1046 (3D000): No database selected
ERROR 1046 (3D000): No database selected
ERROR 1046 (3D000): No database selected
ERROR 1046 (3D000): No database selected
ERROR 1046 (3D000): No database selected
ERROR 1046 (3D000): No database selected
ERROR 1046 (3D000): No database selected
ERROR 1046 (3D000): No database selected
ERROR 1046 (3D000): No database selected
ERROR 1046 (3D000): No database selected
ERROR 1046 (3D000): No database selected
ERROR 1046 (3D000): No database selected
ERROR 1046 (3D000): No database selected
ERROR 1046 (3D000): No database selected
ERROR 1046 (3D000): No database selected
ERROR 1046 (3D000): No database selected
ERROR 1046 (3D000): No database selected
ERROR 1046 (3D000): No database selected
ERROR 1046 (3D000): No database selected
ERROR 1046 (3D000): No database selected
ERROR 1046 (3D000): No database selected
ERROR 1046 (3D000): No database selected
ERROR 1046 (3D000): No database selected
ERROR 1046 (3D000): No database selected
ERROR 1046 (3D000): No database selected
ERROR 1046 (3D000): No database selected
ERROR 1046 (3D000): No database selected
ERROR 1046 (3D000): No database selected
ERROR 1046 (3D000): No database selected
ERROR 1046 (3D000): No database selected
ERROR 1046 (3D000): No database selected
ERROR 1046 (3D000): No database selected
ERROR 1046 (3D000): No database selected
ERROR 1046 (3D000): No database selected
ERROR 1046 (3D000): No database selected
ERROR 1046 (3D000): No database selected
ERROR 1046 (3D000): No database selected
ERROR 1046 (3D000): No database selected
ERROR 1046 (3D000): No database selected
ERROR 1046 (3D000): No database selected
ERROR 1046 (3D000): No database selected
ERROR 1046 (3D000): No database selected
ERROR 1046 (3D000): No database selected
ERROR 1046 (3D000): No database selected
ERROR 1046 (3D000): No database selected
ERROR 1046 (3D000): No database selected
ERROR 1046 (3D000): No database selected
ERROR 1046 (3D000): No database selected
ERROR 1046 (3D000): No database selected
ERROR 1046 (3D000): No database selected
ERROR 1046 (3D000): No database selected
ERROR 1046 (3D000): No database selected
ERROR 1046 (3D000): No database selected
ERROR 1046 (3D000): No database selected
ERROR 1046 (3D000): No database selected
ERROR 1046 (3D000): No database selected
ERROR 1046 (3D000): No database selected
ERROR 1046 (3D000): No database selected
ERROR 1046 (3D000): No database selected
ERROR 1046 (3D000): No database selected
ERROR 1046 (3D000): No database selected
ERROR 1046 (3D000): No database selected
ERROR 1046 (3D000): No database selected
ERROR 1046 (3D000): No database selected
ERROR 1046 (3D000): No database selected
ERROR 1046 (3D000): No database selected
ERROR 1046 (3D000): No database selected
ERROR 1046 (3D000): No database selected
ERROR 1046 (3D000): No database selected
ERROR 1046 (3D000): No database selected
ERROR 1046 (3D000): No database selected
ERROR 1046 (3D000): No database selected
ERROR 1046 (3D000): No database selected
ERROR 1046 (3D000): No database selected
mysql> SOURCE rebuild.sql
ERROR 1046 (3D000): No database selected
ERROR 1046 (3D000): No database selected
ERROR 1046 (3D000): No database selected
ERROR 1046 (3D000): No database selected
ERROR 1046 (3D000): No database selected
ERROR 1046 (3D000): No database selected
ERROR 1046 (3D000): No database selected
ERROR 1046 (3D000): No database selected
ERROR 1046 (3D000): No database selected
ERROR 1046 (3D000): No database selected
ERROR 1046 (3D000): No database selected
ERROR 1046 (3D000): No database selected
ERROR 1046 (3D000): No database selected
ERROR 1046 (3D000): No database selected
ERROR 1046 (3D000): No database selected
ERROR 1046 (3D000): No database selected
ERROR 1046 (3D000): No database selected
ERROR 1046 (3D000): No database selected
ERROR 1046 (3D000): No database selected
ERROR 1046 (3D000): No database selected
ERROR 1046 (3D000): No database selected
ERROR 1046 (3D000): No database selected
ERROR 1046 (3D000): No database selected
ERROR 1046 (3D000): No database selected
ERROR 1046 (3D000): No database selected
ERROR 1046 (3D000): No database selected
ERROR 1046 (3D000): No database selected
ERROR 1046 (3D000): No database selected
ERROR 1046 (3D000): No database selected
ERROR 1046 (3D000): No database selected
ERROR 1046 (3D000): No database selected
ERROR 1046 (3D000): No database selected
ERROR 1046 (3D000): No database selected
ERROR 1046 (3D000): No database selected
ERROR 1046 (3D000): No database selected
ERROR 1046 (3D000): No database selected
ERROR 1046 (3D000): No database selected
ERROR 1046 (3D000): No database selected
ERROR 1046 (3D000): No database selected
ERROR 1046 (3D000): No database selected
ERROR 1046 (3D000): No database selected
ERROR 1046 (3D000): No database selected
ERROR 1046 (3D000): No database selected
ERROR 1046 (3D000): No database selected
ERROR 1046 (3D000): No database selected
ERROR 1046 (3D000): No database selected
ERROR 1046 (3D000): No database selected
ERROR 1046 (3D000): No database selected
ERROR 1046 (3D000): No database selected
ERROR 1046 (3D000): No database selected
ERROR 1046 (3D000): No database selected
ERROR 1046 (3D000): No database selected
ERROR 1046 (3D000): No database selected
ERROR 1046 (3D000): No database selected
ERROR 1046 (3D000): No database selected
ERROR 1046 (3D000): No database selected
ERROR 1046 (3D000): No database selected
ERROR 1046 (3D000): No database selected
ERROR 1046 (3D000): No database selected
ERROR 1046 (3D000): No database selected
ERROR 1046 (3D000): No database selected
ERROR 1046 (3D000): No database selected
ERROR 1046 (3D000): No database selected
ERROR 1046 (3D000): No database selected
ERROR 1046 (3D000): No database selected
ERROR 1046 (3D000): No database selected
ERROR 1046 (3D000): No database selected
ERROR 1046 (3D000): No database selected
ERROR 1046 (3D000): No database selected
ERROR 1046 (3D000): No database selected
ERROR 1046 (3D000): No database selected
ERROR 1046 (3D000): No database selected
ERROR 1046 (3D000): No database selected
ERROR 1046 (3D000): No database selected
ERROR 1046 (3D000): No database selected
ERROR 1046 (3D000): No database selected
ERROR 1046 (3D000): No database selected
ERROR 1046 (3D000): No database selected
ERROR 1046 (3D000): No database selected
ERROR 1046 (3D000): No database selected
ERROR 1046 (3D000): No database selected
ERROR 1046 (3D000): No database selected
ERROR 1046 (3D000): No database selected
ERROR 1046 (3D000): No database selected
ERROR 1046 (3D000): No database selected
ERROR 1046 (3D000): No database selected
ERROR 1046 (3D000): No database selected
ERROR 1046 (3D000): No database selected
ERROR 1046 (3D000): No database selected
ERROR 1046 (3D000): No database selected
ERROR 1046 (3D000): No database selected
ERROR 1046 (3D000): No database selected
ERROR 1046 (3D000): No database selected
ERROR 1046 (3D000): No database selected
ERROR 1046 (3D000): No database selected
ERROR 1046 (3D000): No database selected
ERROR 1046 (3D000): No database selected
ERROR 1046 (3D000): No database selected
ERROR 1046 (3D000): No database selected
ERROR 1046 (3D000): No database selected
ERROR 1046 (3D000): No database selected
ERROR 1046 (3D000): No database selected
ERROR 1046 (3D000): No database selected
ERROR 1046 (3D000): No database selected
ERROR 1046 (3D000): No database selected
ERROR 1046 (3D000): No database selected
ERROR 1046 (3D000): No database selected
ERROR 1046 (3D000): No database selected
ERROR 1046 (3D000): No database selected
ERROR 1046 (3D000): No database selected
ERROR 1046 (3D000): No database selected
ERROR 1046 (3D000): No database selected
ERROR 1046 (3D000): No database selected
ERROR 1046 (3D000): No database selected
ERROR 1046 (3D000): No database selected
ERROR 1046 (3D000): No database selected
ERROR 1046 (3D000): No database selected
ERROR 1046 (3D000): No database selected
ERROR 1046 (3D000): No database selected
ERROR 1046 (3D000): No database selected
ERROR 1046 (3D000): No database selected
ERROR 1046 (3D000): No database selected
ERROR 1046 (3D000): No database selected
ERROR 1046 (3D000): No database selected
ERROR 1046 (3D000): No database selected
ERROR 1046 (3D000): No database selected
ERROR 1046 (3D000): No database selected
ERROR 1046 (3D000): No database selected
ERROR 1046 (3D000): No database selected
ERROR 1046 (3D000): No database selected
ERROR 1046 (3D000): No database selected
ERROR 1046 (3D000): No database selected
ERROR 1046 (3D000): No database selected
ERROR 1046 (3D000): No database selected
ERROR 1046 (3D000): No database selected
ERROR 1046 (3D000): No database selected
ERROR 1046 (3D000): No database selected
ERROR 1046 (3D000): No database selected
ERROR 1046 (3D000): No database selected
ERROR 1046 (3D000): No database selected
ERROR 1046 (3D000): No database selected
ERROR 1046 (3D000): No database selected
ERROR 1046 (3D000): No database selected
ERROR 1046 (3D000): No database selected
ERROR 1046 (3D000): No database selected
ERROR 1046 (3D000): No database selected
ERROR 1046 (3D000): No database selected
ERROR 1046 (3D000): No database selected
ERROR 1046 (3D000): No database selected
ERROR 1046 (3D000): No database selected
ERROR 1046 (3D000): No database selected
ERROR 1046 (3D000): No database selected
ERROR 1046 (3D000): No database selected
ERROR 1046 (3D000): No database selected
ERROR 1046 (3D000): No database selected
ERROR 1046 (3D000): No database selected
ERROR 1046 (3D000): No database selected
ERROR 1046 (3D000): No database selected
ERROR 1046 (3D000): No database selected
mysql> SOURCE rebuild.sql;
ERROR 1046 (3D000): No database selected
ERROR 1046 (3D000): No database selected
ERROR 1046 (3D000): No database selected
ERROR 1046 (3D000): No database selected
ERROR 1046 (3D000): No database selected
ERROR 1046 (3D000): No database selected
ERROR 1046 (3D000): No database selected
ERROR 1046 (3D000): No database selected
ERROR 1046 (3D000): No database selected
ERROR 1046 (3D000): No database selected
ERROR 1046 (3D000): No database selected
ERROR 1046 (3D000): No database selected
ERROR 1046 (3D000): No database selected
ERROR 1046 (3D000): No database selected
ERROR 1046 (3D000): No database selected
ERROR 1046 (3D000): No database selected
ERROR 1046 (3D000): No database selected
ERROR 1046 (3D000): No database selected
ERROR 1046 (3D000): No database selected
ERROR 1046 (3D000): No database selected
ERROR 1046 (3D000): No database selected
ERROR 1046 (3D000): No database selected
ERROR 1046 (3D000): No database selected
ERROR 1046 (3D000): No database selected
ERROR 1046 (3D000): No database selected
ERROR 1046 (3D000): No database selected
ERROR 1046 (3D000): No database selected
ERROR 1046 (3D000): No database selected
ERROR 1046 (3D000): No database selected
ERROR 1046 (3D000): No database selected
ERROR 1046 (3D000): No database selected
ERROR 1046 (3D000): No database selected
ERROR 1046 (3D000): No database selected
ERROR 1046 (3D000): No database selected
ERROR 1046 (3D000): No database selected
ERROR 1046 (3D000): No database selected
ERROR 1046 (3D000): No database selected
ERROR 1046 (3D000): No database selected
ERROR 1046 (3D000): No database selected
ERROR 1046 (3D000): No database selected
ERROR 1046 (3D000): No database selected
ERROR 1046 (3D000): No database selected
ERROR 1046 (3D000): No database selected
ERROR 1046 (3D000): No database selected
ERROR 1046 (3D000): No database selected
ERROR 1046 (3D000): No database selected
ERROR 1046 (3D000): No database selected
ERROR 1046 (3D000): No database selected
ERROR 1046 (3D000): No database selected
ERROR 1046 (3D000): No database selected
ERROR 1046 (3D000): No database selected
ERROR 1046 (3D000): No database selected
ERROR 1046 (3D000): No database selected
ERROR 1046 (3D000): No database selected
ERROR 1046 (3D000): No database selected
ERROR 1046 (3D000): No database selected
ERROR 1046 (3D000): No database selected
ERROR 1046 (3D000): No database selected
ERROR 1046 (3D000): No database selected
ERROR 1046 (3D000): No database selected
ERROR 1046 (3D000): No database selected
ERROR 1046 (3D000): No database selected
ERROR 1046 (3D000): No database selected
ERROR 1046 (3D000): No database selected
ERROR 1046 (3D000): No database selected
ERROR 1046 (3D000): No database selected
ERROR 1046 (3D000): No database selected
ERROR 1046 (3D000): No database selected
ERROR 1046 (3D000): No database selected
ERROR 1046 (3D000): No database selected
ERROR 1046 (3D000): No database selected
ERROR 1046 (3D000): No database selected
ERROR 1046 (3D000): No database selected
ERROR 1046 (3D000): No database selected
ERROR 1046 (3D000): No database selected
ERROR 1046 (3D000): No database selected
ERROR 1046 (3D000): No database selected
ERROR 1046 (3D000): No database selected
ERROR 1046 (3D000): No database selected
ERROR 1046 (3D000): No database selected
ERROR 1046 (3D000): No database selected
ERROR 1046 (3D000): No database selected
ERROR 1046 (3D000): No database selected
ERROR 1046 (3D000): No database selected
ERROR 1046 (3D000): No database selected
ERROR 1046 (3D000): No database selected
ERROR 1046 (3D000): No database selected
ERROR 1046 (3D000): No database selected
ERROR 1046 (3D000): No database selected
ERROR 1046 (3D000): No database selected
ERROR 1046 (3D000): No database selected
ERROR 1046 (3D000): No database selected
ERROR 1046 (3D000): No database selected
ERROR 1046 (3D000): No database selected
ERROR 1046 (3D000): No database selected
ERROR 1046 (3D000): No database selected
ERROR 1046 (3D000): No database selected
ERROR 1046 (3D000): No database selected
ERROR 1046 (3D000): No database selected
ERROR 1046 (3D000): No database selected
ERROR 1046 (3D000): No database selected
ERROR 1046 (3D000): No database selected
ERROR 1046 (3D000): No database selected
ERROR 1046 (3D000): No database selected
ERROR 1046 (3D000): No database selected
ERROR 1046 (3D000): No database selected
ERROR 1046 (3D000): No database selected
ERROR 1046 (3D000): No database selected
ERROR 1046 (3D000): No database selected
ERROR 1046 (3D000): No database selected
ERROR 1046 (3D000): No database selected
ERROR 1046 (3D000): No database selected
ERROR 1046 (3D000): No database selected
ERROR 1046 (3D000): No database selected
ERROR 1046 (3D000): No database selected
ERROR 1046 (3D000): No database selected
ERROR 1046 (3D000): No database selected
ERROR 1046 (3D000): No database selected
ERROR 1046 (3D000): No database selected
ERROR 1046 (3D000): No database selected
ERROR 1046 (3D000): No database selected
ERROR 1046 (3D000): No database selected
ERROR 1046 (3D000): No database selected
ERROR 1046 (3D000): No database selected
ERROR 1046 (3D000): No database selected
ERROR 1046 (3D000): No database selected
ERROR 1046 (3D000): No database selected
ERROR 1046 (3D000): No database selected
ERROR 1046 (3D000): No database selected
ERROR 1046 (3D000): No database selected
ERROR 1046 (3D000): No database selected
ERROR 1046 (3D000): No database selected
ERROR 1046 (3D000): No database selected
ERROR 1046 (3D000): No database selected
ERROR 1046 (3D000): No database selected
ERROR 1046 (3D000): No database selected
ERROR 1046 (3D000): No database selected
ERROR 1046 (3D000): No database selected
ERROR 1046 (3D000): No database selected
ERROR 1046 (3D000): No database selected
ERROR 1046 (3D000): No database selected
ERROR 1046 (3D000): No database selected
ERROR 1046 (3D000): No database selected
ERROR 1046 (3D000): No database selected
ERROR 1046 (3D000): No database selected
ERROR 1046 (3D000): No database selected
ERROR 1046 (3D000): No database selected
ERROR 1046 (3D000): No database selected
ERROR 1046 (3D000): No database selected
ERROR 1046 (3D000): No database selected
ERROR 1046 (3D000): No database selected
ERROR 1046 (3D000): No database selected
ERROR 1046 (3D000): No database selected
ERROR 1046 (3D000): No database selected
ERROR 1046 (3D000): No database selected
ERROR 1046 (3D000): No database selected
ERROR 1046 (3D000): No database selected
ERROR 1046 (3D000): No database selected
ERROR 1046 (3D000): No database selected
mysql> show databases;
+--------------------+
| Database           |
+--------------------+
| information_schema |
| company            |
| dswork             |
| koha_library       |
| mysql              |
| performance_schema |
| sys                |
+--------------------+
7 rows in set (0.00 sec)

mysql> use company;
Database changed
mysql> SOURCE rebuild.sql;
Query OK, 0 rows affected, 1 warning (0.00 sec)

Query OK, 0 rows affected (0.03 sec)

Query OK, 0 rows affected, 1 warning (0.00 sec)

Query OK, 0 rows affected (0.04 sec)

Query OK, 0 rows affected, 1 warning (0.00 sec)

Query OK, 0 rows affected (0.04 sec)

Query OK, 0 rows affected, 1 warning (0.00 sec)

Query OK, 0 rows affected (0.02 sec)

Query OK, 1 row affected (0.00 sec)

Query OK, 1 row affected (0.01 sec)

Query OK, 1 row affected (0.00 sec)

Query OK, 1 row affected (0.00 sec)

Query OK, 1 row affected (0.00 sec)

Query OK, 1 row affected (0.01 sec)

Query OK, 1 row affected (0.00 sec)

Query OK, 1 row affected (0.01 sec)

Query OK, 1 row affected (0.00 sec)

Query OK, 1 row affected (0.00 sec)

Query OK, 1 row affected (0.01 sec)

Query OK, 1 row affected (0.00 sec)

Query OK, 1 row affected (0.01 sec)

Query OK, 1 row affected (0.00 sec)

Query OK, 1 row affected (0.00 sec)

Query OK, 1 row affected (0.01 sec)

Query OK, 1 row affected (0.00 sec)

Query OK, 1 row affected (0.01 sec)

Query OK, 1 row affected (0.00 sec)

Query OK, 1 row affected (0.00 sec)

Query OK, 1 row affected (0.00 sec)

Query OK, 1 row affected (0.00 sec)

Query OK, 1 row affected (0.00 sec)

Query OK, 1 row affected (0.01 sec)

Query OK, 1 row affected (0.00 sec)

Query OK, 1 row affected (0.00 sec)

Query OK, 1 row affected (0.01 sec)

Query OK, 1 row affected (0.00 sec)

Query OK, 1 row affected (0.00 sec)

Query OK, 1 row affected (0.00 sec)

Query OK, 1 row affected (0.00 sec)

Query OK, 1 row affected (0.00 sec)

Query OK, 1 row affected (0.01 sec)

Query OK, 1 row affected (0.00 sec)

Query OK, 1 row affected (0.00 sec)

Query OK, 1 row affected (0.01 sec)

Query OK, 1 row affected (0.00 sec)

Query OK, 1 row affected (0.00 sec)

Query OK, 1 row affected (0.00 sec)

Query OK, 1 row affected (0.00 sec)

Query OK, 1 row affected (0.00 sec)

Query OK, 1 row affected (0.00 sec)

Query OK, 1 row affected (0.00 sec)

Query OK, 1 row affected (0.01 sec)

Query OK, 1 row affected (0.00 sec)

Query OK, 1 row affected (0.00 sec)

Query OK, 1 row affected (0.00 sec)

Query OK, 1 row affected (0.00 sec)

Query OK, 1 row affected (0.00 sec)

Query OK, 1 row affected (0.01 sec)

Query OK, 1 row affected (0.00 sec)

Query OK, 1 row affected (0.00 sec)

Query OK, 1 row affected (0.00 sec)

Query OK, 1 row affected (0.00 sec)

Query OK, 1 row affected (0.00 sec)

Query OK, 1 row affected (0.00 sec)

Query OK, 1 row affected (0.00 sec)

Query OK, 1 row affected (0.00 sec)

Query OK, 1 row affected (0.00 sec)

Query OK, 1 row affected (0.00 sec)

Query OK, 1 row affected (0.01 sec)

Query OK, 1 row affected (0.00 sec)

Query OK, 1 row affected (0.00 sec)

Query OK, 1 row affected (0.00 sec)

Query OK, 1 row affected (0.00 sec)

Query OK, 1 row affected (0.01 sec)

Query OK, 1 row affected (0.00 sec)

Query OK, 1 row affected (0.00 sec)

Query OK, 1 row affected (0.00 sec)

Query OK, 1 row affected (0.00 sec)

Query OK, 1 row affected (0.00 sec)

Query OK, 1 row affected (0.00 sec)

Query OK, 1 row affected (0.00 sec)

Query OK, 1 row affected (0.00 sec)

Query OK, 1 row affected (0.00 sec)

Query OK, 1 row affected (0.00 sec)

Query OK, 1 row affected (0.00 sec)

Query OK, 1 row affected (0.01 sec)

Query OK, 1 row affected (0.00 sec)

Query OK, 1 row affected (0.00 sec)

Query OK, 1 row affected (0.00 sec)

Query OK, 1 row affected (0.00 sec)

Query OK, 1 row affected (0.00 sec)

Query OK, 1 row affected (0.01 sec)

Query OK, 1 row affected (0.00 sec)

Query OK, 1 row affected (0.00 sec)

Query OK, 1 row affected (0.00 sec)

Query OK, 1 row affected (0.00 sec)

Query OK, 1 row affected (0.00 sec)

Query OK, 1 row affected (0.00 sec)

Query OK, 1 row affected (0.01 sec)

Query OK, 1 row affected (0.00 sec)

Query OK, 1 row affected (0.00 sec)

Query OK, 1 row affected (0.00 sec)

Query OK, 1 row affected (0.00 sec)

Query OK, 1 row affected (0.00 sec)

Query OK, 1 row affected (0.00 sec)

Query OK, 1 row affected (0.00 sec)

Query OK, 1 row affected (0.01 sec)

Query OK, 1 row affected (0.00 sec)

Query OK, 1 row affected (0.00 sec)

Query OK, 1 row affected (0.00 sec)

Query OK, 1 row affected (0.00 sec)

Query OK, 1 row affected (0.00 sec)

Query OK, 1 row affected (0.00 sec)

Query OK, 1 row affected (0.00 sec)

Query OK, 1 row affected (0.00 sec)

Query OK, 1 row affected (0.00 sec)

Query OK, 1 row affected (0.00 sec)

Query OK, 1 row affected (0.01 sec)

Query OK, 1 row affected (0.00 sec)

Query OK, 1 row affected (0.00 sec)

Query OK, 1 row affected (0.00 sec)

Query OK, 1 row affected (0.00 sec)

Query OK, 1 row affected (0.00 sec)

Query OK, 1 row affected (0.00 sec)

Query OK, 1 row affected (0.00 sec)

Query OK, 1 row affected (0.01 sec)

Query OK, 1 row affected (0.00 sec)

Query OK, 1 row affected (0.00 sec)

Query OK, 1 row affected (0.01 sec)

Query OK, 1 row affected (0.00 sec)

Query OK, 1 row affected (0.00 sec)

Query OK, 1 row affected (0.01 sec)

Query OK, 1 row affected (0.00 sec)

Query OK, 1 row affected (0.00 sec)

Query OK, 1 row affected (0.00 sec)

Query OK, 1 row affected (0.00 sec)

Query OK, 1 row affected (0.00 sec)

Query OK, 1 row affected (0.00 sec)

Query OK, 1 row affected (0.00 sec)

Query OK, 1 row affected (0.00 sec)

Query OK, 1 row affected (0.00 sec)

Query OK, 1 row affected (0.00 sec)

Query OK, 1 row affected (0.01 sec)

Query OK, 1 row affected (0.00 sec)

Query OK, 1 row affected (0.00 sec)

Query OK, 1 row affected (0.00 sec)

Query OK, 1 row affected (0.01 sec)

Query OK, 1 row affected (0.00 sec)

Query OK, 1 row affected (0.00 sec)

Query OK, 1 row affected (0.00 sec)

Query OK, 1 row affected (0.00 sec)

Query OK, 1 row affected (0.00 sec)

Query OK, 1 row affected (0.00 sec)

Query OK, 1 row affected (0.00 sec)

Query OK, 1 row affected (0.00 sec)

Query OK, 1 row affected (0.00 sec)

Query OK, 1 row affected (0.00 sec)

Query OK, 1 row affected (0.01 sec)

Query OK, 1 row affected (0.00 sec)

mysql> show tables;
+-------------------+
| Tables_in_company |
+-------------------+
| Dept              |
| Emp               |
| Proj              |
| Pworks            |
+-------------------+
4 rows in set (0.00 sec)

mysql> desc Dept;
+----------+-------------+------+-----+---------+-------+
| Field    | Type        | Null | Key | Default | Extra |
+----------+-------------+------+-----+---------+-------+
| deptno   | char(3)     | NO   | PRI | NULL    |       |
| deptname | varchar(36) | NO   |     | NULL    |       |
| mgrno    | char(6)     | YES  |     | NULL    |       |
| admrdept | char(3)     | NO   |     | NULL    |       |
+----------+-------------+------+-----+---------+-------+
4 rows in set (0.00 sec)

mysql> desc Emp;
+-----------+--------------+------+-----+---------+-------+
| Field     | Type         | Null | Key | Default | Extra |
+-----------+--------------+------+-----+---------+-------+
| empno     | char(6)      | NO   | PRI | NULL    |       |
| firstname | varchar(12)  | YES  |     | NULL    |       |
| midinit   | char(1)      | YES  |     | NULL    |       |
| lastname  | varchar(15)  | YES  |     | NULL    |       |
| workdept  | char(3)      | YES  | MUL | NULL    |       |
| phoneno   | char(4)      | YES  |     | NULL    |       |
| hiredate  | date         | YES  |     | NULL    |       |
| job       | char(10)     | YES  |     | NULL    |       |
| edlevel   | int(2)       | YES  |     | NULL    |       |
| gender    | char(1)      | YES  |     | NULL    |       |
| birthdate | date         | YES  |     | NULL    |       |
| salary    | decimal(8,2) | YES  |     | NULL    |       |
| bonus     | decimal(8,2) | YES  |     | NULL    |       |
| comm      | decimal(8,2) | YES  |     | NULL    |       |
+-----------+--------------+------+-----+---------+-------+
14 rows in set (0.00 sec)

mysql> desc Proj
    -> ;
+----------+-------------+------+-----+---------+-------+
| Field    | Type        | Null | Key | Default | Extra |
+----------+-------------+------+-----+---------+-------+
| projno   | char(6)     | NO   | PRI | NULL    |       |
| projname | varchar(24) | NO   |     | NULL    |       |
| deptno   | char(3)     | NO   | MUL | NULL    |       |
| respemp  | char(6)     | NO   | MUL | NULL    |       |
| prstdate | date        | YES  |     | NULL    |       |
| prendate | date        | YES  |     | NULL    |       |
| majproj  | char(6)     | YES  |     | NULL    |       |
+----------+-------------+------+-----+---------+-------+
7 rows in set (0.00 sec)

mysql> desc Pworks;
+--------+-------------+------+-----+---------+-------+
| Field  | Type        | Null | Key | Default | Extra |
+--------+-------------+------+-----+---------+-------+
| empno  | char(6)     | NO   | PRI | NULL    |       |
| projno | char(6)     | NO   | PRI | NULL    |       |
| hours  | smallint(6) | YES  |     | NULL    |       |
+--------+-------------+------+-----+---------+-------+
3 rows in set (0.00 sec)

mysql> select * from Dept;
+--------+------------------------------+--------+----------+
| deptno | deptname                     | mgrno  | admrdept |
+--------+------------------------------+--------+----------+
| A00    | Spiffy Computer Service DIV. | 000010 | A00      |
| B01    | Planning                     | 000020 | A00      |
| C01    | Information Centre           | 000030 | A00      |
| D01    | Development Centre           | NULL   | A00      |
| D11    | Manufacturing Systems        | 000060 | D01      |
| D21    | Administration Systems       | 000070 | D01      |
| E01    | Support Services             | 000050 | A00      |
| E11    | Operations                   | 000090 | E01      |
| E21    | Software Support             | 000100 | E01      |
+--------+------------------------------+--------+----------+
9 rows in set (0.00 sec)

mysql> select * from Emp;
+--------+-----------+---------+-----------+----------+---------+------------+------------+---------+--------+------------+-----------+---------+---------+
| empno  | firstname | midinit | lastname  | workdept | phoneno | hiredate   | job        | edlevel | gender | birthdate  | salary    | bonus   | comm    |
+--------+-----------+---------+-----------+----------+---------+------------+------------+---------+--------+------------+-----------+---------+---------+
| 000010 | Christine | I       | Haas      | A00      | 3978    | 2000-01-01 | Pres       |      18 | F      | 1968-08-14 | 312750.00 | 1000.00 | 4220.00 |
| 000020 | Michael   | L       | Thompson  | B01      | 3476    | 2008-10-10 | Manager    |      18 | M      | 1983-02-02 | 161250.00 |  800.00 | 3000.00 |
| 000030 | Sally     | A       | Kwan      | C01      | 4738    | 2010-05-05 | Manager    |      20 | F      | 1980-05-11 | 158250.00 |  800.00 | 3060.00 |
| 000050 | John      | B       | Geyer     | E01      | 6789    | 2003-08-17 | Manager    |      16 | M      | 1975-09-15 | 160175.00 |  800.00 | 3214.00 |
| 000060 | Irving    | F       | Stern     | D11      | 6423    | 2003-09-14 | Manager    |      16 | M      | 1975-07-07 | 155555.00 |  600.00 | 2580.00 |
| 000070 | Eva       | D       | Pulaski   | D21      | 7831    | 2000-09-30 | Manager    |      16 | F      | 1983-05-26 | 156170.00 |  700.00 | 2893.00 |
| 000090 | Eileen    | W       | Henderson | E11      | 5498    | 2002-08-15 | Manager    |      16 | F      | 1976-05-15 | 149750.00 |  600.00 | 2380.00 |
| 000100 | Theodore  | Q       | Spenser   | E21      | 0972    | 2006-06-19 | Manager    |      14 | M      | 1989-12-18 | 146150.00 |  500.00 | 2092.00 |
| 000110 | Vincenzo  | G       | Lucchesi  | A00      | 3490    | 2003-05-16 | Salesrep   |      19 | M      | 1983-11-05 | 156500.00 |  900.00 | 3720.00 |
| 000120 | Sean      |         | Oconnell  | A00      | 2167    | 2003-10-05 | Programmer |      14 | M      | 1982-10-18 |  99250.00 |  600.00 | 2340.00 |
| 000130 | Dolores   | M       | Quintana  | C01      | 4578    | 2006-07-28 | Analyst    |      16 | F      | 1985-09-15 |  93800.00 |  500.00 | 1904.00 |
| 000140 | Heather   | A       | Nicholls  | C01      | 1793    | 2006-12-15 | Analyst    |      18 | F      | 1986-10-19 |  88420.00 |  600.00 | 2274.00 |
| 000150 | Bruce     |         | Adamson   | D11      | 4510    | 2007-02-12 | Designer   |      16 | M      | 1982-05-17 |  95280.00 |  500.00 | 2022.00 |
| 000160 | Elizabeth | R       | Pianka    | D11      | 3782    | 2009-10-11 | Designer   |      17 | F      | 1987-04-12 |  92250.00 |  400.00 | 1780.00 |
| 000170 | Masatoshi | J       | Yoshimura | D11      | 2890    | 2008-01-01 | Designer   |      16 | M      | 1986-01-05 |  84680.00 |  500.00 | 1974.00 |
| 000180 | Marilyn   | S       | Scoutten  | D11      | 1682    | 2003-07-07 | Designer   |      17 | F      | 1982-02-21 |  81340.00 |  500.00 | 1707.00 |
| 000190 | James     | H       | Walker    | D11      | 2986    | 2012-07-26 | Designer   |      16 | M      | 1992-06-25 |  70450.00 |  400.00 | 1636.00 |
| 000200 | David     |         | Brown     | D11      | 4501    | 2008-03-03 | Designer   |      16 | M      | 1986-05-29 |  77740.00 |  600.00 | 2217.00 |
| 000210 | William   | T       | Jones     | D11      | 0942    | 2009-04-11 | Designer   |      17 | M      | 1983-03-23 |  88270.00 |  400.00 | 1462.00 |
| 000220 | Jennifer  | K       | Lutz      | D11      | 0672    | 2004-08-29 | Designer   |      18 | F      | 1979-03-19 |  89840.00 |  600.00 | 2387.00 |
| 000230 | James     | J       | Jefferson | D21      | 2094    | 2011-11-21 | Programmer |      14 | M      | 1985-05-30 |  62180.00 |  400.00 | 1774.00 |
| 000240 | Salvatore | M       | Marino    | D21      | 3780    | 2009-12-05 | Programmer |      17 | M      | 1984-03-31 |  68760.00 |  600.00 | 2301.00 |
| 000250 | Daniel    | S       | Smith     | D21      | 0961    | 2009-10-30 | Programmer |      15 | M      | 1982-11-12 |  59180.00 |  400.00 | 1534.00 |
| 000260 | Sybil     | V       | Johnson   | D21      | 8953    | 2005-09-11 | Programmer |      16 | F      | 1986-10-05 |  57250.00 |  300.00 | 1380.00 |
| 000270 | 03ia      | L       | Perez     | D21      | 9001    | 2009-09-30 | Programmer |      15 | F      | 1983-05-26 |  57380.00 |  500.00 | 2190.00 |
| 000280 | Ethel     | R       | Schneider | E11      | 8997    | 2009-03-24 | Operator   |      17 | F      | 1986-03-28 |  86250.00 |  500.00 | 2100.00 |
| 000290 | John      | R       | Parker    | E11      | 4502    | 2006-05-30 | Operator   |      12 | M      | 1988-07-09 |  75340.00 |  300.00 | 1227.00 |
| 000300 | Philip    | X       | Smith     | E11      | 2095    | 2007-06-19 | Operator   |      14 | M      | 1986-10-27 |  77750.00 |  400.00 | 1420.00 |
| 000310 | Maude     | F       | Setright  | E11      | 3332    | 2001-09-12 | Operator   |      12 | F      | 1981-04-21 |  75900.00 |  300.00 | 1272.00 |
| 000320 | Ramlal    | V       | Mehta     | E21      | 9990    | 2005-07-07 | Fieldrep   |      16 | M      | 1982-08-11 |  99950.00 |  400.00 | 1596.00 |
| 000330 | Wing      |         | Lee       | E21      | 2103    | 1999-02-23 | Fieldrep   |      14 | M      | 1981-07-18 |  95370.00 |  500.00 | 2030.00 |
| 000340 | Jason     | R       | Gounot    | E21      | 5698    | 1999-05-05 | Fieldrep   |      16 | M      | 1976-05-17 | 123840.00 |  500.00 | 1907.00 |
+--------+-----------+---------+-----------+----------+---------+------------+------------+---------+--------+------------+-----------+---------+---------+
32 rows in set (0.00 sec)

mysql> select * from Proj;
+--------+----------------------+--------+---------+------------+------------+---------+
| projno | projname             | deptno | respemp | prstdate   | prendate   | majproj |
+--------+----------------------+--------+---------+------------+------------+---------+
| AD3100 | Admin Services       | D01    | 000010  | 2014-01-01 | 2015-02-01 | NULL    |
| AD3110 | General AD Systems   | D21    | 000070  | 2014-01-01 | 2015-02-01 | AD3100  |
| AD3111 | Payroll Programming  | D21    | 000230  | 2014-01-01 | 2015-02-01 | AD3110  |
| AD3112 | Personnel Programmg  | D21    | 000250  | 2014-01-01 | 2015-02-01 | AD3110  |
| AD3113 | Account.Programming  | D21    | 000270  | 2014-01-01 | 2015-02-01 | AD3110  |
| IF1000 | Query Services       | C01    | 000030  | 2014-01-01 | 2015-02-01 | NULL    |
| IF2000 | User Education       | C01    | 000030  | 2014-01-01 | 2015-02-01 | NULL    |
| MA2100 | Weld Line Automation | D01    | 000010  | 2014-01-01 | 2015-02-01 | NULL    |
| MA2110 | W L Programming      | D11    | 000060  | 2014-01-01 | 2015-02-01 | MA2100  |
| MA2111 | W L Program Design   | D11    | 000220  | 2014-01-01 | 2014-12-01 | MA2110  |
| MA2112 | W L Robot Design     | D11    | 000150  | 2014-01-01 | 2014-12-01 | MA2110  |
| MA2113 | W L Prod Cont Progs  | D11    | 000160  | 2014-02-15 | 2014-12-01 | MA2110  |
| OP1000 | Operation Support    | E01    | 000050  | 2014-01-01 | 2015-02-01 | NULL    |
| OP1010 | Operation            | E11    | 000090  | 2014-01-01 | 2015-02-01 | OP1000  |
| OP2000 | GEN Systems Services | E01    | 000050  | 2014-01-01 | 2015-02-01 | OP1000  |
| OP2010 | Systems Support      | E21    | 000100  | 2014-01-01 | 2015-02-01 | OP2000  |
| OP2011 | SCP Systems Support  | E21    | 000320  | 2014-01-01 | 2015-02-01 | OP2010  |
| OP2012 | Applications Support | E21    | 000330  | 2014-01-01 | 2015-02-01 | OP2010  |
| OP2013 | DB/DC Support        | E21    | 000340  | 2014-01-01 | 2015-02-01 | OP2010  |
| PL2100 | Weld Line Planning   | B01    | 000020  | 2014-01-01 | 2014-09-15 | MA2100  |
+--------+----------------------+--------+---------+------------+------------+---------+
20 rows in set (0.00 sec)

mysql> select * from Pworks;
+--------+--------+-------+
| empno  | projno | hours |
+--------+--------+-------+
| 000020 | PL2100 |    31 |
| 000030 | IF1000 |    11 |
| 000030 | IF2000 |    10 |
| 000050 | OP1000 |    16 |
| 000050 | OP2000 |    15 |
| 000060 | MA2110 |     8 |
| 000060 | MA2111 |     7 |
| 000060 | MA2112 |     7 |
| 000060 | MA2113 |     7 |
| 000070 | AD3110 |     8 |
| 000070 | AD3111 |     7 |
| 000070 | AD3112 |     7 |
| 000070 | AD3113 |     7 |
| 000090 | OP1010 |    31 |
| 000100 | OP2010 |     8 |
| 000100 | OP2011 |     7 |
| 000100 | OP2012 |     7 |
| 000100 | OP2013 |     7 |
| 000130 | IF1000 |    10 |
| 000130 | IF2000 |    10 |
| 000140 | IF1000 |    10 |
| 000140 | IF2000 |    10 |
| 000150 | MA2110 |     7 |
| 000150 | MA2111 |     7 |
| 000150 | MA2112 |     7 |
| 000150 | MA2113 |     7 |
| 000160 | MA2110 |     7 |
| 000160 | MA2111 |     7 |
| 000160 | MA2112 |     7 |
| 000160 | MA2113 |     7 |
| 000170 | MA2110 |     7 |
| 000170 | MA2111 |     7 |
| 000170 | MA2112 |     7 |
| 000170 | MA2113 |     7 |
| 000180 | MA2110 |     7 |
| 000180 | MA2111 |     7 |
| 000180 | MA2112 |     7 |
| 000180 | MA2113 |     7 |
| 000190 | MA2110 |     7 |
| 000190 | MA2111 |     7 |
| 000190 | MA2112 |     7 |
| 000190 | MA2113 |     7 |
| 000200 | MA2110 |     7 |
| 000200 | MA2111 |     7 |
| 000200 | MA2112 |     7 |
| 000200 | MA2113 |     7 |
| 000210 | MA2110 |     7 |
| 000210 | MA2111 |     7 |
| 000210 | MA2112 |     7 |
| 000210 | MA2113 |     7 |
| 000220 | MA2110 |     7 |
| 000220 | MA2111 |     7 |
| 000220 | MA2112 |     7 |
| 000220 | MA2113 |     7 |
| 000230 | AD3110 |     8 |
| 000230 | AD3111 |     7 |
| 000230 | AD3112 |     7 |
| 000230 | AD3113 |     7 |
| 000240 | AD3110 |     7 |
| 000240 | AD3111 |     7 |
| 000240 | AD3112 |     7 |
| 000240 | AD3113 |     7 |
| 000250 | AD3110 |     7 |
| 000250 | AD3111 |     7 |
| 000250 | AD3112 |     7 |
| 000250 | AD3113 |     7 |
| 000260 | AD3110 |     7 |
| 000260 | AD3111 |     7 |
| 000260 | AD3112 |     7 |
| 000260 | AD3113 |     7 |
| 000270 | AD3110 |     7 |
| 000270 | AD3111 |     7 |
| 000270 | AD3112 |     7 |
| 000270 | AD3113 |     7 |
| 000280 | OP1010 |    31 |
| 000290 | OP1010 |    30 |
| 000300 | OP1010 |    30 |
| 000310 | OP1010 |    30 |
| 000320 | OP2010 |     8 |
| 000320 | OP2011 |     7 |
| 000320 | OP2012 |     7 |
| 000320 | OP2013 |     7 |
| 000330 | OP2010 |     7 |
| 000330 | OP2011 |     7 |
| 000330 | OP2012 |     7 |
| 000330 | OP2013 |     7 |
| 000340 | OP2010 |     7 |
| 000340 | OP2011 |     7 |
| 000340 | OP2012 |     7 |
| 000340 | OP2013 |     7 |
+--------+--------+-------+
90 rows in set (0.00 sec)

mysql> desc Emp;
+-----------+--------------+------+-----+---------+-------+
| Field     | Type         | Null | Key | Default | Extra |
+-----------+--------------+------+-----+---------+-------+
| empno     | char(6)      | NO   | PRI | NULL    |       |
| firstname | varchar(12)  | YES  |     | NULL    |       |
| midinit   | char(1)      | YES  |     | NULL    |       |
| lastname  | varchar(15)  | YES  |     | NULL    |       |
| workdept  | char(3)      | YES  | MUL | NULL    |       |
| phoneno   | char(4)      | YES  |     | NULL    |       |
| hiredate  | date         | YES  |     | NULL    |       |
| job       | char(10)     | YES  |     | NULL    |       |
| edlevel   | int(2)       | YES  |     | NULL    |       |
| gender    | char(1)      | YES  |     | NULL    |       |
| birthdate | date         | YES  |     | NULL    |       |
| salary    | decimal(8,2) | YES  |     | NULL    |       |
| bonus     | decimal(8,2) | YES  |     | NULL    |       |
| comm      | decimal(8,2) | YES  |     | NULL    |       |
+-----------+--------------+------+-----+---------+-------+
14 rows in set (0.00 sec)

mysql> select * from Emp;
+--------+-----------+---------+-----------+----------+---------+------------+------------+---------+--------+------------+-----------+---------+---------+
| empno  | firstname | midinit | lastname  | workdept | phoneno | hiredate   | job        | edlevel | gender | birthdate  | salary    | bonus   | comm    |
+--------+-----------+---------+-----------+----------+---------+------------+------------+---------+--------+------------+-----------+---------+---------+
| 000010 | Christine | I       | Haas      | A00      | 3978    | 2000-01-01 | Pres       |      18 | F      | 1968-08-14 | 312750.00 | 1000.00 | 4220.00 |
| 000020 | Michael   | L       | Thompson  | B01      | 3476    | 2008-10-10 | Manager    |      18 | M      | 1983-02-02 | 161250.00 |  800.00 | 3000.00 |
| 000030 | Sally     | A       | Kwan      | C01      | 4738    | 2010-05-05 | Manager    |      20 | F      | 1980-05-11 | 158250.00 |  800.00 | 3060.00 |
| 000050 | John      | B       | Geyer     | E01      | 6789    | 2003-08-17 | Manager    |      16 | M      | 1975-09-15 | 160175.00 |  800.00 | 3214.00 |
| 000060 | Irving    | F       | Stern     | D11      | 6423    | 2003-09-14 | Manager    |      16 | M      | 1975-07-07 | 155555.00 |  600.00 | 2580.00 |
| 000070 | Eva       | D       | Pulaski   | D21      | 7831    | 2000-09-30 | Manager    |      16 | F      | 1983-05-26 | 156170.00 |  700.00 | 2893.00 |
| 000090 | Eileen    | W       | Henderson | E11      | 5498    | 2002-08-15 | Manager    |      16 | F      | 1976-05-15 | 149750.00 |  600.00 | 2380.00 |
| 000100 | Theodore  | Q       | Spenser   | E21      | 0972    | 2006-06-19 | Manager    |      14 | M      | 1989-12-18 | 146150.00 |  500.00 | 2092.00 |
| 000110 | Vincenzo  | G       | Lucchesi  | A00      | 3490    | 2003-05-16 | Salesrep   |      19 | M      | 1983-11-05 | 156500.00 |  900.00 | 3720.00 |
| 000120 | Sean      |         | Oconnell  | A00      | 2167    | 2003-10-05 | Programmer |      14 | M      | 1982-10-18 |  99250.00 |  600.00 | 2340.00 |
| 000130 | Dolores   | M       | Quintana  | C01      | 4578    | 2006-07-28 | Analyst    |      16 | F      | 1985-09-15 |  93800.00 |  500.00 | 1904.00 |
| 000140 | Heather   | A       | Nicholls  | C01      | 1793    | 2006-12-15 | Analyst    |      18 | F      | 1986-10-19 |  88420.00 |  600.00 | 2274.00 |
| 000150 | Bruce     |         | Adamson   | D11      | 4510    | 2007-02-12 | Designer   |      16 | M      | 1982-05-17 |  95280.00 |  500.00 | 2022.00 |
| 000160 | Elizabeth | R       | Pianka    | D11      | 3782    | 2009-10-11 | Designer   |      17 | F      | 1987-04-12 |  92250.00 |  400.00 | 1780.00 |
| 000170 | Masatoshi | J       | Yoshimura | D11      | 2890    | 2008-01-01 | Designer   |      16 | M      | 1986-01-05 |  84680.00 |  500.00 | 1974.00 |
| 000180 | Marilyn   | S       | Scoutten  | D11      | 1682    | 2003-07-07 | Designer   |      17 | F      | 1982-02-21 |  81340.00 |  500.00 | 1707.00 |
| 000190 | James     | H       | Walker    | D11      | 2986    | 2012-07-26 | Designer   |      16 | M      | 1992-06-25 |  70450.00 |  400.00 | 1636.00 |
| 000200 | David     |         | Brown     | D11      | 4501    | 2008-03-03 | Designer   |      16 | M      | 1986-05-29 |  77740.00 |  600.00 | 2217.00 |
| 000210 | William   | T       | Jones     | D11      | 0942    | 2009-04-11 | Designer   |      17 | M      | 1983-03-23 |  88270.00 |  400.00 | 1462.00 |
| 000220 | Jennifer  | K       | Lutz      | D11      | 0672    | 2004-08-29 | Designer   |      18 | F      | 1979-03-19 |  89840.00 |  600.00 | 2387.00 |
| 000230 | James     | J       | Jefferson | D21      | 2094    | 2011-11-21 | Programmer |      14 | M      | 1985-05-30 |  62180.00 |  400.00 | 1774.00 |
| 000240 | Salvatore | M       | Marino    | D21      | 3780    | 2009-12-05 | Programmer |      17 | M      | 1984-03-31 |  68760.00 |  600.00 | 2301.00 |
| 000250 | Daniel    | S       | Smith     | D21      | 0961    | 2009-10-30 | Programmer |      15 | M      | 1982-11-12 |  59180.00 |  400.00 | 1534.00 |
| 000260 | Sybil     | V       | Johnson   | D21      | 8953    | 2005-09-11 | Programmer |      16 | F      | 1986-10-05 |  57250.00 |  300.00 | 1380.00 |
| 000270 | 03ia      | L       | Perez     | D21      | 9001    | 2009-09-30 | Programmer |      15 | F      | 1983-05-26 |  57380.00 |  500.00 | 2190.00 |
| 000280 | Ethel     | R       | Schneider | E11      | 8997    | 2009-03-24 | Operator   |      17 | F      | 1986-03-28 |  86250.00 |  500.00 | 2100.00 |
| 000290 | John      | R       | Parker    | E11      | 4502    | 2006-05-30 | Operator   |      12 | M      | 1988-07-09 |  75340.00 |  300.00 | 1227.00 |
| 000300 | Philip    | X       | Smith     | E11      | 2095    | 2007-06-19 | Operator   |      14 | M      | 1986-10-27 |  77750.00 |  400.00 | 1420.00 |
| 000310 | Maude     | F       | Setright  | E11      | 3332    | 2001-09-12 | Operator   |      12 | F      | 1981-04-21 |  75900.00 |  300.00 | 1272.00 |
| 000320 | Ramlal    | V       | Mehta     | E21      | 9990    | 2005-07-07 | Fieldrep   |      16 | M      | 1982-08-11 |  99950.00 |  400.00 | 1596.00 |
| 000330 | Wing      |         | Lee       | E21      | 2103    | 1999-02-23 | Fieldrep   |      14 | M      | 1981-07-18 |  95370.00 |  500.00 | 2030.00 |
| 000340 | Jason     | R       | Gounot    | E21      | 5698    | 1999-05-05 | Fieldrep   |      16 | M      | 1976-05-17 | 123840.00 |  500.00 | 1907.00 |
+--------+-----------+---------+-----------+----------+---------+------------+------------+---------+--------+------------+-----------+---------+---------+
32 rows in set (0.00 sec)

mysql> desc Emp;
+-----------+--------------+------+-----+---------+-------+
| Field     | Type         | Null | Key | Default | Extra |
+-----------+--------------+------+-----+---------+-------+
| empno     | char(6)      | NO   | PRI | NULL    |       |
| firstname | varchar(12)  | YES  |     | NULL    |       |
| midinit   | char(1)      | YES  |     | NULL    |       |
| lastname  | varchar(15)  | YES  |     | NULL    |       |
| workdept  | char(3)      | YES  | MUL | NULL    |       |
| phoneno   | char(4)      | YES  |     | NULL    |       |
| hiredate  | date         | YES  |     | NULL    |       |
| job       | char(10)     | YES  |     | NULL    |       |
| edlevel   | int(2)       | YES  |     | NULL    |       |
| gender    | char(1)      | YES  |     | NULL    |       |
| birthdate | date         | YES  |     | NULL    |       |
| salary    | decimal(8,2) | YES  |     | NULL    |       |
| bonus     | decimal(8,2) | YES  |     | NULL    |       |
| comm      | decimal(8,2) | YES  |     | NULL    |       |
+-----------+--------------+------+-----+---------+-------+
14 rows in set (0.00 sec)

mysql> desc Proj;
+----------+-------------+------+-----+---------+-------+
| Field    | Type        | Null | Key | Default | Extra |
+----------+-------------+------+-----+---------+-------+
| projno   | char(6)     | NO   | PRI | NULL    |       |
| projname | varchar(24) | NO   |     | NULL    |       |
| deptno   | char(3)     | NO   | MUL | NULL    |       |
| respemp  | char(6)     | NO   | MUL | NULL    |       |
| prstdate | date        | YES  |     | NULL    |       |
| prendate | date        | YES  |     | NULL    |       |
| majproj  | char(6)     | YES  |     | NULL    |       |
+----------+-------------+------+-----+---------+-------+
7 rows in set (0.00 sec)

mysql> SELECT lastname, job, salary FROM Emp INNER JOIN Proj ON Emp.empno=Proj.respemp WHERE Proj.projname LIKE '%Design%';
+----------+----------+----------+
| lastname | job      | salary   |
+----------+----------+----------+
| Lutz     | Designer | 89840.00 |
| Adamson  | Designer | 95280.00 |
+----------+----------+----------+
2 rows in set (0.00 sec)

mysql> desc Emp;
+-----------+--------------+------+-----+---------+-------+
| Field     | Type         | Null | Key | Default | Extra |
+-----------+--------------+------+-----+---------+-------+
| empno     | char(6)      | NO   | PRI | NULL    |       |
| firstname | varchar(12)  | YES  |     | NULL    |       |
| midinit   | char(1)      | YES  |     | NULL    |       |
| lastname  | varchar(15)  | YES  |     | NULL    |       |
| workdept  | char(3)      | YES  | MUL | NULL    |       |
| phoneno   | char(4)      | YES  |     | NULL    |       |
| hiredate  | date         | YES  |     | NULL    |       |
| job       | char(10)     | YES  |     | NULL    |       |
| edlevel   | int(2)       | YES  |     | NULL    |       |
| gender    | char(1)      | YES  |     | NULL    |       |
| birthdate | date         | YES  |     | NULL    |       |
| salary    | decimal(8,2) | YES  |     | NULL    |       |
| bonus     | decimal(8,2) | YES  |     | NULL    |       |
| comm      | decimal(8,2) | YES  |     | NULL    |       |
+-----------+--------------+------+-----+---------+-------+
14 rows in set (0.00 sec)

mysql> desc Dept;
+----------+-------------+------+-----+---------+-------+
| Field    | Type        | Null | Key | Default | Extra |
+----------+-------------+------+-----+---------+-------+
| deptno   | char(3)     | NO   | PRI | NULL    |       |
| deptname | varchar(36) | NO   |     | NULL    |       |
| mgrno    | char(6)     | YES  |     | NULL    |       |
| admrdept | char(3)     | NO   |     | NULL    |       |
+----------+-------------+------+-----+---------+-------+
4 rows in set (0.00 sec)

mysql> SELECT Emp.lastname, Emp.job, Emp.salary FROM Emp INNER JOIN Proj ON Emp.empno=Proj.respemp WHERE Proj.projname LIKE '%Design%';
+----------+----------+----------+
| lastname | job      | salary   |
+----------+----------+----------+
| Lutz     | Designer | 89840.00 |
| Adamson  | Designer | 95280.00 |
+----------+----------+----------+
2 rows in set (0.01 sec)

mysql> SELECT Emp.firstname, Emp.lastname, Emp.job, Emp.workdept AS Deptno, Dept.name AS Deptname FROM Dept INNER JOIN Emp ON Dept.mgrno=Emp.Emp.empno;
ERROR 1054 (42S22): Unknown column 'Dept.name' in 'field list'
mysql> SELECT Emp.firstname, Emp.lastname, Emp.job, Emp.workdept AS Deptno, Dept.deptname FROM Dept INNER JOIN Emp ON Dept.mgrno=Emp.Emp.empno;
ERROR 1054 (42S22): Unknown column 'Emp.Emp.empno' in 'on clause'
mysql> SELECT Emp.firstname, Emp.lastname, Emp.job, Emp.workdept AS Deptno, Dept.deptname FROM Dept INNER JOIN Emp ON Dept.mgrno=Emp.empno;
+-----------+-----------+---------+--------+------------------------------+
| firstname | lastname  | job     | Deptno | deptname                     |
+-----------+-----------+---------+--------+------------------------------+
| Christine | Haas      | Pres    | A00    | Spiffy Computer Service DIV. |
| Michael   | Thompson  | Manager | B01    | Planning                     |
| Sally     | Kwan      | Manager | C01    | Information Centre           |
| Irving    | Stern     | Manager | D11    | Manufacturing Systems        |
| Eva       | Pulaski   | Manager | D21    | Administration Systems       |
| John      | Geyer     | Manager | E01    | Support Services             |
| Eileen    | Henderson | Manager | E11    | Operations                   |
| Theodore  | Spenser   | Manager | E21    | Software Support             |
+-----------+-----------+---------+--------+------------------------------+
8 rows in set (0.00 sec)

mysql> select * from Dept;
+--------+------------------------------+--------+----------+
| deptno | deptname                     | mgrno  | admrdept |
+--------+------------------------------+--------+----------+
| A00    | Spiffy Computer Service DIV. | 000010 | A00      |
| B01    | Planning                     | 000020 | A00      |
| C01    | Information Centre           | 000030 | A00      |
| D01    | Development Centre           | NULL   | A00      |
| D11    | Manufacturing Systems        | 000060 | D01      |
| D21    | Administration Systems       | 000070 | D01      |
| E01    | Support Services             | 000050 | A00      |
| E11    | Operations                   | 000090 | E01      |
| E21    | Software Support             | 000100 | E01      |
+--------+------------------------------+--------+----------+
9 rows in set (0.00 sec)

mysql> 